Component: ARM Compiler 5.05 update 2 (build 169) Tool: armlink [4d0f33]

==============================================================================

Section Cross References

    main.o(i.main) refers to misc.o(i.NVIC_PriorityGroupConfig) for NVIC_PriorityGroupConfig
    main.o(i.main) refers to delay.o(i.delay_init) for delay_init
    main.o(i.main) refers to oled.o(i.OLED_Init) for OLED_Init
    main.o(i.main) refers to motor.o(i.motor_init) for motor_init
    main.o(i.main) refers to mpu6050.o(i.MPU_Init) for MPU_Init
    main.o(i.main) refers to mpu6050.o(i.DMP_Init) for DMP_Init
    main.o(i.main) refers to mpuexti.o(i.MPU_exti_init) for MPU_exti_init
    main.o(i.main) refers to fleqf.o(x$fpl$fleqf) for __aeabi_cfcmple
    main.o(i.main) refers to frleqf.o(x$fpl$frleqf) for __aeabi_cfrcmple
    main.o(i.main) refers to stm32f10x_tim.o(i.TIM_SetCounter) for TIM_SetCounter
    main.o(i.main) refers to oled.o(i.OLED_ShowAngle) for OLED_ShowAngle
    main.o(i.main) refers to oled.o(i.OLED_ShowPWM) for OLED_ShowPWM
    main.o(i.main) refers to mpuexti.o(.data) for roll
    main.o(i.main) refers to main.o(.data) for motor_flag
    main.o(i.main) refers to pid.o(.data) for velocity_sum
    system_stm32f10x.o(i.SetSysClock) refers to system_stm32f10x.o(i.SetSysClockTo72) for SetSysClockTo72
    system_stm32f10x.o(i.SystemCoreClockUpdate) refers to system_stm32f10x.o(.data) for SystemCoreClock
    system_stm32f10x.o(i.SystemInit) refers to system_stm32f10x.o(i.SetSysClock) for SetSysClock
    startup_stm32f10x_md.o(STACK) refers (Special) to heapauxi.o(.text) for __use_two_region_memory
    startup_stm32f10x_md.o(HEAP) refers (Special) to heapauxi.o(.text) for __use_two_region_memory
    startup_stm32f10x_md.o(RESET) refers (Special) to heapauxi.o(.text) for __use_two_region_memory
    startup_stm32f10x_md.o(RESET) refers to startup_stm32f10x_md.o(STACK) for __initial_sp
    startup_stm32f10x_md.o(RESET) refers to startup_stm32f10x_md.o(.text) for Reset_Handler
    startup_stm32f10x_md.o(RESET) refers to stm32f10x_it.o(i.NMI_Handler) for NMI_Handler
    startup_stm32f10x_md.o(RESET) refers to stm32f10x_it.o(i.HardFault_Handler) for HardFault_Handler
    startup_stm32f10x_md.o(RESET) refers to stm32f10x_it.o(i.MemManage_Handler) for MemManage_Handler
    startup_stm32f10x_md.o(RESET) refers to stm32f10x_it.o(i.BusFault_Handler) for BusFault_Handler
    startup_stm32f10x_md.o(RESET) refers to stm32f10x_it.o(i.UsageFault_Handler) for UsageFault_Handler
    startup_stm32f10x_md.o(RESET) refers to stm32f10x_it.o(i.SVC_Handler) for SVC_Handler
    startup_stm32f10x_md.o(RESET) refers to stm32f10x_it.o(i.DebugMon_Handler) for DebugMon_Handler
    startup_stm32f10x_md.o(RESET) refers to stm32f10x_it.o(i.PendSV_Handler) for PendSV_Handler
    startup_stm32f10x_md.o(RESET) refers to stm32f10x_it.o(i.SysTick_Handler) for SysTick_Handler
    startup_stm32f10x_md.o(RESET) refers to timer.o(i.TIM2_IRQHandler) for TIM2_IRQHandler
    startup_stm32f10x_md.o(RESET) refers to timer.o(i.TIM3_IRQHandler) for TIM3_IRQHandler
    startup_stm32f10x_md.o(RESET) refers to mpuexti.o(i.EXTI15_10_IRQHandler) for EXTI15_10_IRQHandler
    startup_stm32f10x_md.o(.text) refers (Special) to heapauxi.o(.text) for __use_two_region_memory
    startup_stm32f10x_md.o(.text) refers to system_stm32f10x.o(i.SystemInit) for SystemInit
    startup_stm32f10x_md.o(.text) refers to __main.o(!!!main) for __main
    startup_stm32f10x_md.o(.text) refers to startup_stm32f10x_md.o(HEAP) for Heap_Mem
    startup_stm32f10x_md.o(.text) refers to startup_stm32f10x_md.o(STACK) for Stack_Mem
    stm32f10x_tim.o(i.TIM_DeInit) refers to stm32f10x_rcc.o(i.RCC_APB2PeriphResetCmd) for RCC_APB2PeriphResetCmd
    stm32f10x_tim.o(i.TIM_DeInit) refers to stm32f10x_rcc.o(i.RCC_APB1PeriphResetCmd) for RCC_APB1PeriphResetCmd
    stm32f10x_tim.o(i.TIM_ETRClockMode1Config) refers to stm32f10x_tim.o(i.TIM_ETRConfig) for TIM_ETRConfig
    stm32f10x_tim.o(i.TIM_ETRClockMode2Config) refers to stm32f10x_tim.o(i.TIM_ETRConfig) for TIM_ETRConfig
    stm32f10x_tim.o(i.TIM_ICInit) refers to stm32f10x_tim.o(i.TI1_Config) for TI1_Config
    stm32f10x_tim.o(i.TIM_ICInit) refers to stm32f10x_tim.o(i.TIM_SetIC1Prescaler) for TIM_SetIC1Prescaler
    stm32f10x_tim.o(i.TIM_ICInit) refers to stm32f10x_tim.o(i.TI2_Config) for TI2_Config
    stm32f10x_tim.o(i.TIM_ICInit) refers to stm32f10x_tim.o(i.TIM_SetIC2Prescaler) for TIM_SetIC2Prescaler
    stm32f10x_tim.o(i.TIM_ICInit) refers to stm32f10x_tim.o(i.TI3_Config) for TI3_Config
    stm32f10x_tim.o(i.TIM_ICInit) refers to stm32f10x_tim.o(i.TIM_SetIC3Prescaler) for TIM_SetIC3Prescaler
    stm32f10x_tim.o(i.TIM_ICInit) refers to stm32f10x_tim.o(i.TI4_Config) for TI4_Config
    stm32f10x_tim.o(i.TIM_ICInit) refers to stm32f10x_tim.o(i.TIM_SetIC4Prescaler) for TIM_SetIC4Prescaler
[...]
    i.motor_gpio_init                        0x08004374   Section        0  motor.o(i.motor_gpio_init)
    i.motor_init                             0x080043e4   Section        0  motor.o(i.motor_init)
    i.mpu_configure_fifo                     0x08004400   Section        0  inv_mpu.o(i.mpu_configure_fifo)
    i.mpu_dmp_get_data                       0x08004470   Section        0  inv_mpu.o(i.mpu_dmp_get_data)
    i.mpu_dmp_init                           0x08004694   Section        0  inv_mpu.o(i.mpu_dmp_init)
    i.mpu_get_accel_fsr                      0x08004734   Section        0  inv_mpu.o(i.mpu_get_accel_fsr)
    i.mpu_get_accel_sens                     0x08004780   Section        0  inv_mpu.o(i.mpu_get_accel_sens)
    i.mpu_get_fifo_config                    0x080047d4   Section        0  inv_mpu.o(i.mpu_get_fifo_config)
    i.mpu_get_gyro_fsr                       0x080047e4   Section        0  inv_mpu.o(i.mpu_get_gyro_fsr)
    i.mpu_get_gyro_sens                      0x08004828   Section        0  inv_mpu.o(i.mpu_get_gyro_sens)
    i.mpu_get_lpf                            0x08004878   Section        0  inv_mpu.o(i.mpu_get_lpf)
    i.mpu_get_sample_rate                    0x080048c8   Section        0  inv_mpu.o(i.mpu_get_sample_rate)
    i.mpu_init                               0x080048e8   Section        0  inv_mpu.o(i.mpu_init)
    i.mpu_load_firmware                      0x08004ad8   Section        0  inv_mpu.o(i.mpu_load_firmware)
    i.mpu_lp_accel_mode                      0x08004b90   Section        0  inv_mpu.o(i.mpu_lp_accel_mode)
    i.mpu_read_fifo_stream                   0x08004c70   Section        0  inv_mpu.o(i.mpu_read_fifo_stream)
    i.mpu_read_mem                           0x08004d30   Section        0  inv_mpu.o(i.mpu_read_mem)
    i.mpu_reset_fifo                         0x08004db0   Section        0  inv_mpu.o(i.mpu_reset_fifo)
    i.mpu_run_self_test                      0x08004f78   Section        0  inv_mpu.o(i.mpu_run_self_test)
    i.mpu_set_accel_fsr                      0x08005094   Section        0  inv_mpu.o(i.mpu_set_accel_fsr)
    i.mpu_set_bypass                         0x08005118   Section        0  inv_mpu.o(i.mpu_set_bypass)
    i.mpu_set_dmp_state                      0x08005264   Section        0  inv_mpu.o(i.mpu_set_dmp_state)
    i.mpu_set_gyro_fsr                       0x080052f4   Section        0  inv_mpu.o(i.mpu_set_gyro_fsr)
    i.mpu_set_int_latched                    0x0800537c   Section        0  inv_mpu.o(i.mpu_set_int_latched)
    i.mpu_set_lpf                            0x080053e8   Section        0  inv_mpu.o(i.mpu_set_lpf)
    i.mpu_set_sample_rate                    0x0800546c   Section        0  inv_mpu.o(i.mpu_set_sample_rate)
    i.mpu_set_sensors                        0x08005508   Section        0  inv_mpu.o(i.mpu_set_sensors)
    i.mpu_write_mem                          0x080055d8   Section        0  inv_mpu.o(i.mpu_write_mem)
    i.read_encoder2                          0x08005658   Section        0  motor.o(i.read_encoder2)
    i.read_encoder3                          0x08005674   Section        0  motor.o(i.read_encoder3)
    i.right_negative                         0x08005690   Section        0  motor.o(i.right_negative)
    i.right_positive                         0x080056ac   Section        0  motor.o(i.right_positive)
    i.run_self_test                          0x080056c8   Section        0  inv_mpu.o(i.run_self_test)
    i.set_int_enable                         0x0800574c   Section        0  inv_mpu.o(i.set_int_enable)
    set_int_enable                           0x0800574d   Thumb Code   138  inv_mpu.o(i.set_int_enable)
    i.sqrt                                   0x080057dc   Section        0  sqrt.o(i.sqrt)
    i.velocity_PID_value                     0x08005828   Section        0  pid.o(i.velocity_PID_value)
    i.vertical_PID_value                     0x080058c8   Section        0  pid.o(i.vertical_PID_value)
    x$fpl$d2f                                0x08005964   Section       98  d2f.o(x$fpl$d2f)
    x$fpl$dadd                               0x080059c8   Section      336  daddsub_clz.o(x$fpl$dadd)
    _dadd1                                   0x080059d9   Thumb Code     0  daddsub_clz.o(x$fpl$dadd)
    x$fpl$dcheck1                            0x08005b18   Section       16  dcheck1.o(x$fpl$dcheck1)
    x$fpl$ddiv                               0x08005b28   Section      688  ddiv.o(x$fpl$ddiv)
    ddiv_entry                               0x08005b2f   Thumb Code     0  ddiv.o(x$fpl$ddiv)
    x$fpl$dmul                               0x08005dd8   Section      340  dmul.o(x$fpl$dmul)
    x$fpl$dnaninf                            0x08005f2c   Section      156  dnaninf.o(x$fpl$dnaninf)
    x$fpl$dretinf                            0x08005fc8   Section       12  dretinf.o(x$fpl$dretinf)
    x$fpl$drsb                               0x08005fd4   Section       22  daddsub_clz.o(x$fpl$drsb)
    x$fpl$dsqrt                              0x08005fec   Section      460  dsqrt_noumaal.o(x$fpl$dsqrt)
    x$fpl$dsub                               0x080061b8   Section      468  daddsub_clz.o(x$fpl$dsub)
    _dsub1                                   0x080061c9   Thumb Code     0  daddsub_clz.o(x$fpl$dsub)
    x$fpl$f2d                                0x0800638c   Section       86  f2d.o(x$fpl$f2d)
    x$fpl$fadd                               0x080063e4   Section      196  faddsub_clz.o(x$fpl$fadd)
    _fadd1                                   0x080063f3   Thumb Code     0  faddsub_clz.o(x$fpl$fadd)
    x$fpl$fcmpinf                            0x080064a8   Section       24  fcmpi.o(x$fpl$fcmpinf)
    x$fpl$fdiv                               0x080064c0   Section      388  fdiv.o(x$fpl$fdiv)
    _fdiv1                                   0x080064c1   Thumb Code     0  fdiv.o(x$fpl$fdiv)
    x$fpl$feqf                               0x08006644   Section      104  feqf.o(x$fpl$feqf)
    x$fpl$ffix                               0x080066ac   Section       54  ffix.o(x$fpl$ffix)
    x$fpl$ffixu                              0x080066e4   Section       62  ffixu.o(x$fpl$ffixu)
    x$fpl$fflt                               0x08006724   Section       48  fflt_clz.o(x$fpl$fflt)
    x$fpl$ffltu                              0x08006754   Section       38  fflt_clz.o(x$fpl$ffltu)
    x$fpl$fleqf                              0x0800677c   Section      104  fleqf.o(x$fpl$fleqf)
    x$fpl$fmul                               0x080067e4   Section      258  fmul.o(x$fpl$fmul)
    x$fpl$fnaninf                            0x080068e6   Section      140  fnaninf.o(x$fpl$fnaninf)
    x$fpl$fretinf                            0x08006972   Section       10  fretinf.o(x$fpl$fretinf)
    x$fpl$frleqf                             0x0800697c   Section       98  frleqf.o(x$fpl$frleqf)
    x$fpl$fsub                               0x080069e0   Section      234  faddsub_clz.o(x$fpl$fsub)
    _fsub1                                   0x080069ef   Thumb Code     0  faddsub_clz.o(x$fpl$fsub)
    x$fpl$retnan                             0x08006aca   Section      100  retnan.o(x$fpl$retnan)
    x$fpl$scalbn                             0x08006b2e   Section       92  scalbn.o(x$fpl$scalbn)
    x$fpl$trapveneer                         0x08006b8a   Section       48  trapv.o(x$fpl$trapveneer)
    x$fpl$usenofp                            0x08006bba   Section        0  usenofp.o(x$fpl$usenofp)
    .constdata                               0x08006bbc   Section       80  inv_mpu.o(.constdata)
    .constdata                               0x08006c0c   Section     3062  inv_mpu_dmp_motion_driver.o(.constdata)
    dmp_memory                               0x08006c0c   Data        3062  inv_mpu_dmp_motion_driver.o(.constdata)
    .constdata                               0x08007802   Section     2072  oled.o(.constdata)
    .constdata                               0x0800801a   Section       17  __printf_flags_wp.o(.constdata)
    maptable                                 0x0800801a   Data          17  __printf_flags_wp.o(.constdata)
    .constdata                               0x08008030   Section       80  asin.o(.constdata)
    pS                                       0x08008030   Data          48  asin.o(.constdata)
    qS                                       0x08008060   Data          32  asin.o(.constdata)
    .constdata                               0x08008080   Section      152  atan.o(.constdata)
    atanhi                                   0x08008080   Data          32  atan.o(.constdata)
    atanlo                                   0x080080a0   Data          32  atan.o(.constdata)
    aTodd                                    0x080080c0   Data          40  atan.o(.constdata)
    aTeven                                   0x080080e8   Data          48  atan.o(.constdata)
    .constdata                               0x08008118   Section        8  qnan.o(.constdata)
    .conststring                             0x08008120   Section       77  inv_mpu.o(.conststring)
    .data                                    0x20000000   Section       28  main.o(.data)
    .data                                    0x2000001c   Section       20  system_stm32f10x.o(.data)
    .data                                    0x20000030   Section        4  delay.o(.data)
    fac_us                                   0x20000030   Data           1  delay.o(.data)
    fac_ms                                   0x20000032   Data           2  delay.o(.data)
    .data                                    0x20000034   Section        4  usart.o(.data)
    .data                                    0x20000038   Section       53  inv_mpu.o(.data)
    st                                       0x20000038   Data          44  inv_mpu.o(.data)
    gyro_orientation                         0x20000064   Data           9  inv_mpu.o(.data)
    .data                                    0x20000070   Section       28  mpuexti.o(.data)
    .data                                    0x2000008c   Section       28  pid.o(.data)
    .bss                                     0x200000a8   Section       16  inv_mpu_dmp_motion_driver.o(.bss)
    dmp                                      0x200000a8   Data          16  inv_mpu_dmp_motion_driver.o(.bss)
    .bss                                     0x200000b8   Section       96  libspace.o(.bss)
    HEAP                                     0x20000118   Section      512  startup_stm32f10x_md.o(HEAP)
    Heap_Mem                                 0x20000118   Data         512  startup_stm32f10x_md.o(HEAP)
    STACK                                    0x20000318   Section     1024  startup_stm32f10x_md.o(STACK)
    Stack_Mem                                0x20000318   Data        1024  startup_stm32f10x_md.o(STACK)
    __initial_sp                             0x20000718   Data           0  startup_stm32f10x_md.o(STACK)

    Global Symbols

    Symbol Name                              Value     Ov Type        Size  Object(Section)

    BuildAttributes$$THM_ISAv4$P$D$K$B$S$PE$A:L22UL41UL21$X:L11$S22US41US21$IEEE1$IW$USESV6$~STKCKD$USESV7$~SHL$OTIME$ROPI$IEEEX$EBA8$UX$STANDARDLIB$REQ8$PRES8$EABIv2 0x00000000   Number         0  anon$$obj.o ABSOLUTE
    __ARM_use_no_argv                        0x00000000   Number         0  main.o ABSOLUTE
    _printf_flags                            0x00000000   Number         0  printf_stubs.o ABSOLUTE
    _printf_return_value                     0x00000000   Number         0  printf_stubs.o ABSOLUTE
    _printf_sizespec                         0x00000000   Number         0  printf_stubs.o ABSOLUTE
    _printf_widthprec                        0x00000000   Number         0  printf_stubs.o ABSOLUTE
    __ARM_exceptions_init                     - Undefined Weak Reference
    __alloca_initialize                       - Undefined Weak Reference
    __arm_preinit_                            - Undefined Weak Reference
    __cpp_initialize__aeabi_                  - Undefined Weak Reference
    __cxa_finalize                            - Undefined Weak Reference
    __rt_locale                               - Undefined Weak Reference
    __sigvec_lookup                           - Undefined Weak Reference
    _atexit_init                              - Undefined Weak Reference
    _call_atexit_fns                          - Undefined Weak Reference
    _clock_init                               - Undefined Weak Reference
    _fp_trap_init                             - Undefined Weak Reference
    _fp_trap_shutdown                         - Undefined Weak Reference
    _get_lc_collate                           - Undefined Weak Reference
    _get_lc_ctype                             - Undefined Weak Reference
    _get_lc_monetary                          - Undefined Weak Reference
    _get_lc_numeric                           - Undefined Weak Reference
    _get_lc_time                              - Undefined Weak Reference
    _getenv_init                              - Undefined Weak Reference
    _handle_redirection                       - Undefined Weak Reference
    _init_alloc                               - Undefined Weak Reference
    _init_user_alloc                          - Undefined Weak Reference
    _initio                                   - Undefined Weak Reference
    _mutex_acquire                            - Undefined Weak Reference
    _mutex_release                            - Undefined Weak Reference
    _printf_truncate_signed                   - Undefined Weak Reference
    _printf_truncate_unsigned                 - Undefined Weak Reference
    _rand_init                                - Undefined Weak Reference
    _signal_finish                            - Undefined Weak Reference
    _signal_init                              - Undefined Weak Reference
    _terminate_alloc                          - Undefined Weak Reference
    _terminate_user_alloc                     - Undefined Weak Reference
    _terminateio                              - Undefined Weak Reference
    __Vectors_Size                           0x000000ec   Number         0  startup_stm32f10x_md.o ABSOLUTE
    __Vectors                                0x08000000   Data           4  startup_stm32f10x_md.o(RESET)
    __Vectors_End                            0x080000ec   Data           0  startup_stm32f10x_md.o(RESET)
    __main                                   0x080000ed   Thumb Code     8  __main.o(!!!main)
    __scatterload                            0x080000f5   Thumb Code     0  __scatter.o(!!!scatter)
    __scatterload_rt2                        0x080000f5   Thumb Code    44  __scatter.o(!!!scatter)
    __scatterload_rt2_thumb_only             0x080000f5   Thumb Code     0  __scatter.o(!!!scatter)
    __scatterload_null                       0x08000103   Thumb Code     0  __scatter.o(!!!scatter)
    __scatterload_copy                       0x08000129   Thumb Code    26  __scatter_copy.o(!!handler_copy)
    __scatterload_zeroinit                   0x08000145   Thumb Code    28  __scatter_zi.o(!!handler_zi)
    _printf_d                                0x08000161   Thumb Code     0  _printf_d.o(.ARM.Collect$$_printf_percent$$00000009)
    _printf_percent                          0x08000161   Thumb Code     0  _printf_percent.o(.ARM.Collect$$_printf_percent$$00000000)
    _printf_percent_end                      0x08000167   Thumb Code     0  _printf_percent_end.o(.ARM.Collect$$_printf_percent$$00000017)
    __rt_lib_init                            0x0800016b   Thumb Code     0  libinit.o(.ARM.Collect$$libinit$$00000000)
    __rt_lib_init_alloca_1                   0x0800016d   Thumb Code     0  libinit2.o(.ARM.Collect$$libinit$$0000002E)
    __rt_lib_init_argv_1                     0x0800016d   Thumb Code     0  libinit2.o(.ARM.Collect$$libinit$$0000002C)
    __rt_lib_init_atexit_1                   0x0800016d   Thumb Code     0  libinit2.o(.ARM.Collect$$libinit$$0000001B)
    __rt_lib_init_clock_1                    0x0800016d   Thumb Code     0  libinit2.o(.ARM.Collect$$libinit$$00000021)
    __rt_lib_init_cpp_1                      0x0800016d   Thumb Code     0  libinit2.o(.ARM.Collect$$libinit$$00000032)
    __rt_lib_init_exceptions_1               0x0800016d   Thumb Code     0  libinit2.o(.ARM.Collect$$libinit$$00000030)
    __rt_lib_init_fp_1                       0x0800016d   Thumb Code     0  libinit2.o(.ARM.Collect$$libinit$$00000002)
    __rt_lib_init_fp_trap_1                  0x0800016d   Thumb Code     0  libinit2.o(.ARM.Collect$$libinit$$0000001F)
    __rt_lib_init_getenv_1                   0x0800016d   Thumb Code     0  libinit2.o(.ARM.Collect$$libinit$$00000023)
    __rt_lib_init_heap_1                     0x0800016d   Thumb Code     0  libinit2.o(.ARM.Collect$$libinit$$0000000A)
    __rt_lib_init_lc_collate_1               0x0800016d   Thumb Code     0  libinit2.o(.ARM.Collect$$libinit$$00000011)
    __rt_lib_init_lc_ctype_1                 0x0800016d   Thumb Code     0  libinit2.o(.ARM.Collect$$libinit$$00000013)
    __rt_lib_init_lc_monetary_1              0x0800016d   Thumb Code     0  libinit2.o(.ARM.Collect$$libinit$$00000015)
    __rt_lib_init_lc_numeric_1               0x0800016d   Thumb Code     0  libinit2.o(.ARM.Collect$$libinit$$00000017)
    __rt_lib_init_lc_time_1                  0x0800016d   Thumb Code     0  libinit2.o(.ARM.Collect$$libinit$$00000019)
    __rt_lib_init_preinit_1                  0x0800016d   Thumb Code     0  libinit2.o(.ARM.Collect$$libinit$$00000004)
    __rt_lib_init_rand_1                     0x0800016d   Thumb Code     0  libinit2.o(.ARM.Collect$$libinit$$0000000E)
    __rt_lib_init_return                     0x0800016d   Thumb Code     0  libinit2.o(.ARM.Collect$$libinit$$00000033)
    __rt_lib_init_signal_1                   0x0800016d   Thumb Code     0  libinit2.o(.ARM.Collect$$libinit$$0000001D)
    __rt_lib_init_stdio_1                    0x0800016d   Thumb Code     0  libinit2.o(.ARM.Collect$$libinit$$00000025)
    __rt_lib_init_user_alloc_1               0x0800016d   Thumb Code     0  libinit2.o(.ARM.Collect$$libinit$$0000000C)
    __rt_lib_shutdown                        0x0800016f   Thumb Code     0  libshutdown.o(.ARM.Collect$$libshutdown$$00000000)
    __rt_lib_shutdown_fp_trap_1              0x08000171   Thumb Code     0  libshutdown2.o(.ARM.Collect$$libshutdown$$00000006)
    __rt_lib_shutdown_heap_1                 0x08000171   Thumb Code     0  libshutdown2.o(.ARM.Collect$$libshutdown$$0000000E)
    __rt_lib_shutdown_return                 0x08000171   Thumb Code     0  libshutdown2.o(.ARM.Collect$$libshutdown$$0000000F)
    __rt_lib_shutdown_signal_1               0x08000171   Thumb Code     0  libshutdown2.o(.ARM.Collect$$libshutdown$$00000009)
    __rt_lib_shutdown_stdio_1                0x08000171   Thumb Code     0  libshutdown2.o(.ARM.Collect$$libshutdown$$00000003)
    __rt_lib_shutdown_user_alloc_1           0x08000171   Thumb Code     0  libshutdown2.o(.ARM.Collect$$libshutdown$$0000000B)
    __rt_entry                               0x08000173   Thumb Code     0  __rtentry.o(.ARM.Collect$$rtentry$$00000000)
    __rt_entry_presh_1                       0x08000173   Thumb Code     0  __rtentry2.o(.ARM.Collect$$rtentry$$00000002)
    __rt_entry_sh                            0x08000173   Thumb Code     0  __rtentry4.o(.ARM.Collect$$rtentry$$00000004)
    __rt_entry_li                            0x08000179   Thumb Code     0  __rtentry2.o(.ARM.Collect$$rtentry$$0000000A)
    __rt_entry_postsh_1                      0x08000179   Thumb Code     0  __rtentry2.o(.ARM.Collect$$rtentry$$00000009)
    __rt_entry_main                          0x0800017d   Thumb Code     0  __rtentry2.o(.ARM.Collect$$rtentry$$0000000D)
    __rt_entry_postli_1                      0x0800017d   Thumb Code     0  __rtentry2.o(.ARM.Collect$$rtentry$$0000000C)
    __rt_exit                                0x08000185   Thumb Code     0  rtexit.o(.ARM.Collect$$rtexit$$00000000)
    __rt_exit_ls                             0x08000187   Thumb Code     0  rtexit2.o(.ARM.Collect$$rtexit$$00000003)
    __rt_exit_prels_1                        0x08000187   Thumb Code     0  rtexit2.o(.ARM.Collect$$rtexit$$00000002)
    __rt_exit_exit                           0x0800018b   Thumb Code     0  rtexit2.o(.ARM.Collect$$rtexit$$00000004)
    Reset_Handler                            0x08000191   Thumb Code     8  startup_stm32f10x_md.o(.text)
    ADC1_2_IRQHandler                        0x080001ab   Thumb Code     0  startup_stm32f10x_md.o(.text)
    CAN1_RX1_IRQHandler                      0x080001ab   Thumb Code     0  startup_stm32f10x_md.o(.text)
    CAN1_SCE_IRQHandler                      0x080001ab   Thumb Code     0  startup_stm32f10x_md.o(.text)
    DMA1_Channel1_IRQHandler                 0x080001ab   Thumb Code     0  startup_stm32f10x_md.o(.text)
    DMA1_Channel2_IRQHandler                 0x080001ab   Thumb Code     0  startup_stm32f10x_md.o(.text)
    DMA1_Channel3_IRQHandler                 0x080001ab   Thumb Code     0  startup_stm32f10x_md.o(.text)
    DMA1_Channel4_IRQHandler                 0x080001ab   Thumb Code     0  startup_stm32f10x_md.o(.text)
    DMA1_Channel5_IRQHandler                 0x080001ab   Thumb Code     0  startup_stm32f10x_md.o(.text)
    DMA1_Channel6_IRQHandler                 0x080001ab   Thumb Code     0  startup_stm32f10x_md.o(.text)
    DMA1_Channel7_IRQHandler                 0x080001ab   Thumb Code     0  startup_stm32f10x_md.o(.text)
    EXTI0_IRQHandler                         0x080001ab   Thumb Code     0  startup_stm32f10x_md.o(.text)
    EXTI1_IRQHandler                         0x080001ab   Thumb Code     0  startup_stm32f10x_md.o(.text)
    EXTI2_IRQHandler                         0x080001ab   Thumb Code     0  startup_stm32f10x_md.o(.text)
    EXTI3_IRQHandler                         0x080001ab   Thumb Code     0  startup_stm32f10x_md.o(.text)
    EXTI4_IRQHandler                         0x080001ab   Thumb Code     0  startup_stm32f10x_md.o(.text)
    EXTI9_5_IRQHandler                       0x080001ab   Thumb Code     0  startup_stm32f10x_md.o(.text)
    FLASH_IRQHandler                         0x080001ab   Thumb Code     0  startup_stm32f10x_md.o(.text)
    I2C1_ER_IRQHandler                       0x080001ab   Thumb Code     0  startup_stm32f10x_md.o(.text)
    I2C1_EV_IRQHandler                       0x080001ab   Thumb Code     0  startup_stm32f10x_md.o(.text)
    I2C2_ER_IRQHandler                       0x080001ab   Thumb Code     0  startup_stm32f10x_md.o(.text)
    I2C2_EV_IRQHandler                       0x080001ab   Thumb Code     0  startup_stm32f10x_md.o(.text)
    PVD_IRQHandler                           0x080001ab   Thumb Code     0  startup_stm32f10x_md.o(.text)
    RCC_IRQHandler                           0x080001ab   Thumb Code     0  startup_stm32f10x_md.o(.text)
    RTCAlarm_IRQHandler                      0x080001ab   Thumb Code     0  startup_stm32f10x_md.o(.text)
    RTC_IRQHandler                           0x080001ab   Thumb Code     0  startup_stm32f10x_md.o(.text)
    SPI1_IRQHandler                          0x080001ab   Thumb Code     0  startup_stm32f10x_md.o(.text)
    SPI2_IRQHandler                          0x080001ab   Thumb Code     0  startup_stm32f10x_md.o(.text)
    TAMPER_IRQHandler                        0x080001ab   Thumb Code     0  startup_stm32f10x_md.o(.text)
    TIM1_BRK_IRQHandler                      0x080001ab   Thumb Code     0  startup_stm32f10x_md.o(.text)
    TIM1_CC_IRQHandler                       0x080001ab   Thumb Code     0  startup_stm32f10x_md.o(.text)
    TIM1_TRG_COM_IRQHandler                  0x080001ab   Thumb Code     0  startup_stm32f10x_md.o(.text)
    TIM1_UP_IRQHandler                       0x080001ab   Thumb Code     0  startup_stm32f10x_md.o(.text)
    TIM4_IRQHandler                          0x080001ab   Thumb Code     0  startup_stm32f10x_md.o(.text)
    USART1_IRQHandler                        0x080001ab   Thumb Code     0  startup_stm32f10x_md.o(.text)
    USART2_IRQHandler                        0x080001ab   Thumb Code     0  startup_stm32f10x_md.o(.text)
    USART3_IRQHandler                        0x080001ab   Thumb Code     0  startup_stm32f10x_md.o(.text)
    USBWakeUp_IRQHandler                     0x080001ab   Thumb Code     0  startup_stm32f10x_md.o(.text)
    USB_HP_CAN1_TX_IRQHandler                0x080001ab   Thumb Code     0  startup_stm32f10x_md.o(.text)
    USB_LP_CAN1_RX0_IRQHandler               0x080001ab   Thumb Code     0  startup_stm32f10x_md.o(.text)
    WWDG_IRQHandler                          0x080001ab   Thumb Code     0  startup_stm32f10x_md.o(.text)
    __user_initial_stackheap                 0x080001ad   Thumb Code     0  startup_stm32f10x_md.o(.text)
    __use_no_semihosting                     0x080001d1   Thumb Code     2  use_no_semi_2.o(.text)
    __aeabi_ldivmod                          0x080001d3   Thumb Code     0  llsdiv.o(.text)
    _ll_sdiv                                 0x080001d3   Thumb Code    72  llsdiv.o(.text)
    __2printf                                0x0800021d   Thumb Code    20  noretval__2printf.o(.text)
    _printf_int_dec                          0x08000235   Thumb Code   104  _printf_dec.o(.text)
    __printf                                 0x080002ad   Thumb Code   308  __printf_flags_wp.o(.text)
    memcmp                                   0x080003e5   Thumb Code    88  memcmp.o(.text)
    __aeabi_memset                           0x0800043d   Thumb Code    16  aeabi_memset.o(.text)
    __use_two_region_memory                  0x0800044d   Thumb Code     2  heapauxi.o(.text)
    __rt_heap_escrow$2region                 0x0800044f   Thumb Code     2  heapauxi.o(.text)
    __rt_heap_expand$2region                 0x08000451   Thumb Code     2  heapauxi.o(.text)
    __I$use$semihosting                      0x08000453   Thumb Code     0  use_no_semi.o(.text)
    __use_no_semihosting_swi                 0x08000453   Thumb Code     2  use_no_semi.o(.text)
    __aeabi_uldivmod                         0x08000455   Thumb Code     0  lludivv7m.o(.text)
    _ll_udiv                                 0x08000455   Thumb Code   238  lludivv7m.o(.text)
    __read_errno                             0x08000543   Thumb Code    10  _rserrno.o(.text)
    __set_errno                              0x0800054d   Thumb Code    12  _rserrno.o(.text)
    _printf_int_common                       0x08000559   Thumb Code   178  _printf_intcommon.o(.text)
    _printf_char_file                        0x0800060d   Thumb Code    32  _printf_char_file.o(.text)
    __aeabi_memclr                           0x08000631   Thumb Code     0  rt_memclr.o(.text)
    __rt_memclr                              0x08000631   Thumb Code    68  rt_memclr.o(.text)
    _memset                                  0x08000635   Thumb Code     0  rt_memclr.o(.text)
    __aeabi_errno_addr                       0x08000675   Thumb Code     8  rt_errno_addr_intlibspace.o(.text)
    __errno$intlibspace                      0x08000675   Thumb Code     0  rt_errno_addr_intlibspace.o(.text)
    __rt_errno_addr$intlibspace              0x08000675   Thumb Code     0  rt_errno_addr_intlibspace.o(.text)
    _printf_char_common                      0x08000687   Thumb Code    32  _printf_char_common.o(.text)
    ferror                                   0x080006ad   Thumb Code     8  ferror.o(.text)
    __aeabi_memclr4                          0x080006b5   Thumb Code     0  rt_memclr_w.o(.text)
    __aeabi_memclr8                          0x080006b5   Thumb Code     0  rt_memclr_w.o(.text)
    __rt_memclr_w                            0x080006b5   Thumb Code    78  rt_memclr_w.o(.text)
    _memset_w                                0x080006b9   Thumb Code     0  rt_memclr_w.o(.text)
    __user_libspace                          0x08000705   Thumb Code     8  libspace.o(.text)
    __user_perproc_libspace                  0x08000705   Thumb Code     0  libspace.o(.text)
    __user_perthread_libspace                0x08000705   Thumb Code     0  libspace.o(.text)
    __user_setup_stackheap                   0x0800070d   Thumb Code    74  sys_stackheap_outer.o(.text)
    exit                                     0x08000757   Thumb Code    12  exit.o(.text)
    BusFault_Handler                         0x08000763   Thumb Code     4  stm32f10x_it.o(i.BusFault_Handler)
    DMP_Init                                 0x08000769   Thumb Code   106  mpu6050.o(i.DMP_Init)
    DebugMon_Handler                         0x08000805   Thumb Code     2  stm32f10x_it.o(i.DebugMon_Handler)
    EXTI15_10_IRQHandler                     0x08000809   Thumb Code   120  mpuexti.o(i.EXTI15_10_IRQHandler)
    EXTI_ClearITPendingBit                   0x080008a5   Thumb Code     6  stm32f10x_exti.o(i.EXTI_ClearITPendingBit)
    EXTI_Init                                0x080008b1   Thumb Code   142  stm32f10x_exti.o(i.EXTI_Init)
    GPIO_EXTILineConfig                      0x08000945   Thumb Code    60  stm32f10x_gpio.o(i.GPIO_EXTILineConfig)
    GPIO_Init                                0x08000985   Thumb Code   278  stm32f10x_gpio.o(i.GPIO_Init)
    GPIO_PinRemapConfig                      0x08000a9d   Thumb Code   138  stm32f10x_gpio.o(i.GPIO_PinRemapConfig)
    GPIO_ResetBits                           0x08000b2d   Thumb Code     4  stm32f10x_gpio.o(i.GPIO_ResetBits)
    GPIO_SetBits                             0x08000b31   Thumb Code     4  stm32f10x_gpio.o(i.GPIO_SetBits)
    HardFault_Handler                        0x08000b35   Thumb Code     4  stm32f10x_it.o(i.HardFault_Handler)
    IIC_Init                                 0x08000b39   Thumb Code    62  oled_i2c.o(i.IIC_Init)
    IIC_Send_Byte                            0x08000b81   Thumb Code    90  oled_i2c.o(i.IIC_Send_Byte)
    IIC_Start                                0x08000be9   Thumb Code    64  oled_i2c.o(i.IIC_Start)
    IIC_Stop                                 0x08000c35   Thumb Code    62  oled_i2c.o(i.IIC_Stop)
    IIC_Wait_Ack                             0x08000c81   Thumb Code    86  oled_i2c.o(i.IIC_Wait_Ack)
    I_xianfu                                 0x08000ce5   Thumb Code    66  pid.o(i.I_xianfu)
    MPU_IIC_Ack                              0x08000d2d   Thumb Code    62  mpuiic.o(i.MPU_IIC_Ack)
    MPU_IIC_Delay                            0x08000d79   Thumb Code    10  mpuiic.o(i.MPU_IIC_Delay)
    MPU_IIC_Init                             0x08000d85   Thumb Code    50  mpuiic.o(i.MPU_IIC_Init)
    MPU_IIC_NAck                             0x08000dbd   Thumb Code    62  mpuiic.o(i.MPU_IIC_NAck)
    MPU_IIC_Read_Byte                        0x08000e09   Thumb Code    94  mpuiic.o(i.MPU_IIC_Read_Byte)
    MPU_IIC_Send_Byte                        0x08000e75   Thumb Code    80  mpuiic.o(i.MPU_IIC_Send_Byte)
    MPU_IIC_Start                            0x08000ed1   Thumb Code    60  mpuiic.o(i.MPU_IIC_Start)
    MPU_IIC_Stop                             0x08000f19   Thumb Code    58  mpuiic.o(i.MPU_IIC_Stop)
    MPU_IIC_Wait_Ack                         0x08000f61   Thumb Code    86  mpuiic.o(i.MPU_IIC_Wait_Ack)
    MPU_Init                                 0x08000fc5   Thumb Code   210  mpu6050.o(i.MPU_Init)
    MPU_Read_Byte                            0x080010bd   Thumb Code    58  mpu6050.o(i.MPU_Read_Byte)
    MPU_Read_Len                             0x080010f7   Thumb Code   116  mpu6050.o(i.MPU_Read_Len)
    MPU_Set_Accel_Fsr                        0x0800116b   Thumb Code    16  mpu6050.o(i.MPU_Set_Accel_Fsr)
    MPU_Set_Gyro_Fsr                         0x0800117b   Thumb Code    16  mpu6050.o(i.MPU_Set_Gyro_Fsr)
    MPU_Set_LPF                              0x0800118b   Thumb Code    58  mpu6050.o(i.MPU_Set_LPF)
    MPU_Set_Rate                             0x080011c5   Thumb Code    58  mpu6050.o(i.MPU_Set_Rate)
    MPU_Write_Byte                           0x080011ff   Thumb Code    68  mpu6050.o(i.MPU_Write_Byte)
    MPU_Write_Len                            0x08001243   Thumb Code    96  mpu6050.o(i.MPU_Write_Len)
    MPU_exti_init                            0x080012a5   Thumb Code   108  mpuexti.o(i.MPU_exti_init)
    MemManage_Handler                        0x08001315   Thumb Code     4  stm32f10x_it.o(i.MemManage_Handler)
    NMI_Handler                              0x08001319   Thumb Code     2  stm32f10x_it.o(i.NMI_Handler)
    NVIC_Init                                0x0800131d   Thumb Code   100  misc.o(i.NVIC_Init)
    NVIC_PriorityGroupConfig                 0x0800138d   Thumb Code    10  misc.o(i.NVIC_PriorityGroupConfig)
    Num_Digit                                0x080013a1   Thumb Code    64  oled.o(i.Num_Digit)
    OLED_Clear                               0x080013e9   Thumb Code    10  oled.o(i.OLED_Clear)
    OLED_Command                             0x080013f3   Thumb Code    76  oled.o(i.OLED_Command)
    OLED_Data                                0x0800143f   Thumb Code    76  oled.o(i.OLED_Data)
    OLED_Fill                                0x0800148b   Thumb Code    58  oled.o(i.OLED_Fill)
    OLED_Init                                0x080014c5   Thumb Code   266  oled.o(i.OLED_Init)
    OLED_SetPos                              0x08001609   Thumb Code    40  oled.o(i.OLED_SetPos)
    OLED_ShowAngle                           0x08001631   Thumb Code   132  oled.o(i.OLED_ShowAngle)
    OLED_ShowNum                             0x080016c1   Thumb Code   598  oled.o(i.OLED_ShowNum)
    OLED_ShowPWM                             0x08001919   Thumb Code    50  oled.o(i.OLED_ShowPWM)
    OLED_ShowSNum                            0x08001955   Thumb Code   246  oled.o(i.OLED_ShowSNum)
    OLED_ShowStr                             0x08001a55   Thumb Code   228  oled.o(i.OLED_ShowStr)
    OLED_Shownum1                            0x08001b41   Thumb Code   206  oled.o(i.OLED_Shownum1)
    OLED_Shownum3                            0x08001c11   Thumb Code   238  oled.o(i.OLED_Shownum3)
    PWM_Xianfu                               0x08001d05   Thumb Code    22  motor.o(i.PWM_Xianfu)
    PendSV_Handler                           0x08001d1b   Thumb Code     2  stm32f10x_it.o(i.PendSV_Handler)
    RCC_APB1PeriphClockCmd                   0x08001d1d   Thumb Code    26  stm32f10x_rcc.o(i.RCC_APB1PeriphClockCmd)
    RCC_APB2PeriphClockCmd                   0x08001d3d   Thumb Code    26  stm32f10x_rcc.o(i.RCC_APB2PeriphClockCmd)
    SETPWM                                   0x08001d5d   Thumb Code    72  motor.o(i.SETPWM)
    SVC_Handler                              0x08001da9   Thumb Code     2  stm32f10x_it.o(i.SVC_Handler)
    SysTick_CLKSourceConfig                  0x08001e95   Thumb Code    40  misc.o(i.SysTick_CLKSourceConfig)
    SysTick_Handler                          0x08001ebd   Thumb Code     2  stm32f10x_it.o(i.SysTick_Handler)
    SystemInit                               0x08001ec1   Thumb Code    78  system_stm32f10x.o(i.SystemInit)
    TIM1_PWM_Init                            0x08002161   Thumb Code   130  timer.o(i.TIM1_PWM_Init)
    TIM2_IRQHandler                          0x080021e9   Thumb Code    22  timer.o(i.TIM2_IRQHandler)
    TIM2_encoder_init                        0x08002201   Thumb Code   146  timer.o(i.TIM2_encoder_init)
    TIM3_IRQHandler                          0x08002299   Thumb Code    22  timer.o(i.TIM3_IRQHandler)
    TIM3_encoder_init                        0x080022b5   Thumb Code   140  timer.o(i.TIM3_encoder_init)
    TIM_ClearITPendingBit                    0x08002349   Thumb Code     6  stm32f10x_tim.o(i.TIM_ClearITPendingBit)
    TIM_Cmd                                  0x0800234f   Thumb Code    24  stm32f10x_tim.o(i.TIM_Cmd)
    TIM_CtrlPWMOutputs                       0x08002367   Thumb Code    30  stm32f10x_tim.o(i.TIM_CtrlPWMOutputs)
    TIM_EncoderInterfaceConfig               0x08002385   Thumb Code    66  stm32f10x_tim.o(i.TIM_EncoderInterfaceConfig)
    TIM_GetCounter                           0x080023c7   Thumb Code     6  stm32f10x_tim.o(i.TIM_GetCounter)
    TIM_GetITStatus                          0x080023cd   Thumb Code    34  stm32f10x_tim.o(i.TIM_GetITStatus)
    TIM_ICInit                               0x080023f1   Thumb Code   150  stm32f10x_tim.o(i.TIM_ICInit)
    TIM_ICStructInit                         0x0800249d   Thumb Code    18  stm32f10x_tim.o(i.TIM_ICStructInit)
    TIM_ITConfig                             0x080024af   Thumb Code    18  stm32f10x_tim.o(i.TIM_ITConfig)
    TIM_OC1Init                              0x080024c1   Thumb Code   132  stm32f10x_tim.o(i.TIM_OC1Init)
    TIM_OC1PreloadConfig                     0x08002559   Thumb Code    18  stm32f10x_tim.o(i.TIM_OC1PreloadConfig)
    TIM_OC4Init                              0x0800256d   Thumb Code   114  stm32f10x_tim.o(i.TIM_OC4Init)
    TIM_OC4PreloadConfig                     0x080025e9   Thumb Code    26  stm32f10x_tim.o(i.TIM_OC4PreloadConfig)
    TIM_SetCompare1                          0x08002603   Thumb Code     4  stm32f10x_tim.o(i.TIM_SetCompare1)
    TIM_SetCompare4                          0x08002607   Thumb Code     6  stm32f10x_tim.o(i.TIM_SetCompare4)
    TIM_SetCounter                           0x0800260d   Thumb Code     4  stm32f10x_tim.o(i.TIM_SetCounter)
    TIM_SetIC1Prescaler                      0x08002611   Thumb Code    18  stm32f10x_tim.o(i.TIM_SetIC1Prescaler)
    TIM_SetIC2Prescaler                      0x08002623   Thumb Code    26  stm32f10x_tim.o(i.TIM_SetIC2Prescaler)
    TIM_SetIC3Prescaler                      0x0800263d   Thumb Code    18  stm32f10x_tim.o(i.TIM_SetIC3Prescaler)
    TIM_SetIC4Prescaler                      0x0800264f   Thumb Code    26  stm32f10x_tim.o(i.TIM_SetIC4Prescaler)
    TIM_TimeBaseInit                         0x08002669   Thumb Code   122  stm32f10x_tim.o(i.TIM_TimeBaseInit)
    TIM_TimeBaseStructInit                   0x0800270d   Thumb Code    18  stm32f10x_tim.o(i.TIM_TimeBaseStructInit)
    UsageFault_Handler                       0x0800271f   Thumb Code     4  stm32f10x_it.o(i.UsageFault_Handler)
    __ARM_fpclassify                         0x08002723   Thumb Code    40  fpclassify.o(i.__ARM_fpclassify)
    __kernel_poly                            0x0800274b   Thumb Code   170  poly.o(i.__kernel_poly)
    __mathlib_dbl_infnan                     0x080027f5   Thumb Code     6  dunder.o(i.__mathlib_dbl_infnan)
    __mathlib_dbl_infnan2                    0x080027fb   Thumb Code     4  dunder.o(i.__mathlib_dbl_infnan2)
    __mathlib_dbl_invalid                    0x080027ff   Thumb Code    12  dunder.o(i.__mathlib_dbl_invalid)
    __mathlib_dbl_underflow                  0x0800280d   Thumb Code    10  dunder.o(i.__mathlib_dbl_underflow)
    _is_digit                                0x0800281d   Thumb Code    14  __printf_wp.o(i._is_digit)
    _sys_exit                                0x0800282b   Thumb Code     4  usart.o(i._sys_exit)
    asin                                     0x080028d9   Thumb Code   572  asin.o(i.asin)
    atan                                     0x08002b49   Thumb Code   474  atan.o(i.atan)
    atan2                                    0x08002d69   Thumb Code   346  atan2.o(i.atan2)
    delay_init                               0x08002f4d   Thumb Code    50  delay.o(i.delay_init)
    delay_ms                                 0x08002f91   Thumb Code    72  delay.o(i.delay_ms)
    delay_us                                 0x08002fdd   Thumb Code    72  delay.o(i.delay_us)
    dmp_enable_6x_lp_quat                    0x08003029   Thumb Code    60  inv_mpu_dmp_motion_driver.o(i.dmp_enable_6x_lp_quat)
    dmp_enable_feature                       0x08003065   Thumb Code   530  inv_mpu_dmp_motion_driver.o(i.dmp_enable_feature)
    dmp_enable_gyro_cal                      0x08003281   Thumb Code    62  inv_mpu_dmp_motion_driver.o(i.dmp_enable_gyro_cal)
    dmp_enable_lp_quat                       0x080032d9   Thumb Code    60  inv_mpu_dmp_motion_driver.o(i.dmp_enable_lp_quat)
    dmp_load_motion_driver_firmware          0x08003315   Thumb Code    20  inv_mpu_dmp_motion_driver.o(i.dmp_load_motion_driver_firmware)
    dmp_read_fifo                            0x0800332d   Thumb Code   456  inv_mpu_dmp_motion_driver.o(i.dmp_read_fifo)
    dmp_set_accel_bias                       0x080034f9   Thumb Code   300  inv_mpu_dmp_motion_driver.o(i.dmp_set_accel_bias)
    dmp_set_fifo_rate                        0x08003629   Thumb Code    96  inv_mpu_dmp_motion_driver.o(i.dmp_set_fifo_rate)
    dmp_set_gyro_bias                        0x08003699   Thumb Code   294  inv_mpu_dmp_motion_driver.o(i.dmp_set_gyro_bias)
    dmp_set_orientation                      0x080037c9   Thumb Code   290  inv_mpu_dmp_motion_driver.o(i.dmp_set_orientation)
    dmp_set_shake_reject_thresh              0x08003901   Thumb Code    56  inv_mpu_dmp_motion_driver.o(i.dmp_set_shake_reject_thresh)
    dmp_set_shake_reject_time                0x08003939   Thumb Code    38  inv_mpu_dmp_motion_driver.o(i.dmp_set_shake_reject_time)
    dmp_set_shake_reject_timeout             0x0800395f   Thumb Code    38  inv_mpu_dmp_motion_driver.o(i.dmp_set_shake_reject_timeout)
    dmp_set_tap_axes                         0x08003985   Thumb Code    70  inv_mpu_dmp_motion_driver.o(i.dmp_set_tap_axes)
    dmp_set_tap_count                        0x080039cb   Thumb Code    38  inv_mpu_dmp_motion_driver.o(i.dmp_set_tap_count)
    dmp_set_tap_thresh                       0x080039f1   Thumb Code   396  inv_mpu_dmp_motion_driver.o(i.dmp_set_tap_thresh)
    dmp_set_tap_time                         0x08003b91   Thumb Code    38  inv_mpu_dmp_motion_driver.o(i.dmp_set_tap_time)
    dmp_set_tap_time_multi                   0x08003bb7   Thumb Code    38  inv_mpu_dmp_motion_driver.o(i.dmp_set_tap_time_multi)
    fputc                                    0x08003bdd   Thumb Code    24  usart.o(i.fputc)
    inv_orientation_matrix_to_scalar         0x0800422d   Thumb Code    40  inv_mpu.o(i.inv_orientation_matrix_to_scalar)
    inv_row_2_scale                          0x08004255   Thumb Code    78  inv_mpu.o(i.inv_row_2_scale)
    left_negative                            0x080042a5   Thumb Code    24  motor.o(i.left_negative)
    left_positive                            0x080042c1   Thumb Code    24  motor.o(i.left_positive)
    main                                     0x080042dd   Thumb Code   116  main.o(i.main)
    mget_ms                                  0x08004371   Thumb Code     2  inv_mpu.o(i.mget_ms)
    motor_gpio_init                          0x08004375   Thumb Code   104  motor.o(i.motor_gpio_init)
    motor_init                               0x080043e5   Thumb Code    26  motor.o(i.motor_init)
    mpu_configure_fifo                       0x08004401   Thumb Code   106  inv_mpu.o(i.mpu_configure_fifo)
    mpu_dmp_get_data                         0x08004471   Thumb Code   544  inv_mpu.o(i.mpu_dmp_get_data)
    mpu_dmp_init                             0x08004695   Thumb Code   154  inv_mpu.o(i.mpu_dmp_init)
    mpu_get_accel_fsr                        0x08004735   Thumb Code    72  inv_mpu.o(i.mpu_get_accel_fsr)
    mpu_get_accel_sens                       0x08004781   Thumb Code    78  inv_mpu.o(i.mpu_get_accel_sens)
    mpu_get_fifo_config                      0x080047d5   Thumb Code    12  inv_mpu.o(i.mpu_get_fifo_config)
    mpu_get_gyro_fsr                         0x080047e5   Thumb Code    64  inv_mpu.o(i.mpu_get_gyro_fsr)
    mpu_get_gyro_sens                        0x08004829   Thumb Code    58  inv_mpu.o(i.mpu_get_gyro_sens)
    mpu_get_lpf                              0x08004879   Thumb Code    74  inv_mpu.o(i.mpu_get_lpf)
    mpu_get_sample_rate                      0x080048c9   Thumb Code    26  inv_mpu.o(i.mpu_get_sample_rate)
    mpu_init                                 0x080048e9   Thumb Code   416  inv_mpu.o(i.mpu_init)
    mpu_load_firmware                        0x08004ad9   Thumb Code   180  inv_mpu.o(i.mpu_load_firmware)
    mpu_lp_accel_mode                        0x08004b91   Thumb Code   218  inv_mpu.o(i.mpu_lp_accel_mode)
    mpu_read_fifo_stream                     0x08004c71   Thumb Code   186  inv_mpu.o(i.mpu_read_fifo_stream)
    mpu_read_mem                             0x08004d31   Thumb Code   122  inv_mpu.o(i.mpu_read_mem)
    mpu_reset_fifo                           0x08004db1   Thumb Code   450  inv_mpu.o(i.mpu_reset_fifo)
    mpu_run_self_test                        0x08004f79   Thumb Code   278  inv_mpu.o(i.mpu_run_self_test)
    mpu_set_accel_fsr                        0x08005095   Thumb Code   126  inv_mpu.o(i.mpu_set_accel_fsr)
    mpu_set_bypass                           0x08005119   Thumb Code   328  inv_mpu.o(i.mpu_set_bypass)
    mpu_set_dmp_state                        0x08005265   Thumb Code   138  inv_mpu.o(i.mpu_set_dmp_state)
    mpu_set_gyro_fsr                         0x080052f5   Thumb Code   132  inv_mpu.o(i.mpu_set_gyro_fsr)
    mpu_set_int_latched                      0x0800537d   Thumb Code   102  inv_mpu.o(i.mpu_set_int_latched)
    mpu_set_lpf                              0x080053e9   Thumb Code   126  inv_mpu.o(i.mpu_set_lpf)
    mpu_set_sample_rate                      0x0800546d   Thumb Code   152  inv_mpu.o(i.mpu_set_sample_rate)
    mpu_set_sensors                          0x08005509   Thumb Code   202  inv_mpu.o(i.mpu_set_sensors)
    mpu_write_mem                            0x080055d9   Thumb Code   122  inv_mpu.o(i.mpu_write_mem)
    read_encoder2                            0x08005659   Thumb Code    26  motor.o(i.read_encoder2)
    read_encoder3                            0x08005675   Thumb Code    22  motor.o(i.read_encoder3)
    right_negative                           0x08005691   Thumb Code    24  motor.o(i.right_negative)
    right_positive                           0x080056ad   Thumb Code    24  motor.o(i.right_positive)
    run_self_test                            0x080056c9   Thumb Code   132  inv_mpu.o(i.run_self_test)
    sqrt                                     0x080057dd   Thumb Code    76  sqrt.o(i.sqrt)
    velocity_PID_value                       0x08005829   Thumb Code   134  pid.o(i.velocity_PID_value)
    vertical_PID_value                       0x080058c9   Thumb Code   126  pid.o(i.vertical_PID_value)
    __aeabi_d2f                              0x08005965   Thumb Code     0  d2f.o(x$fpl$d2f)
    _d2f                                     0x08005965   Thumb Code    98  d2f.o(x$fpl$d2f)
    __aeabi_dadd                             0x080059c9   Thumb Code     0  daddsub_clz.o(x$fpl$dadd)
    _dadd                                    0x080059c9   Thumb Code   332  daddsub_clz.o(x$fpl$dadd)
    __fpl_dcheck_NaN1                        0x08005b19   Thumb Code    10  dcheck1.o(x$fpl$dcheck1)
    __aeabi_ddiv                             0x08005b29   Thumb Code     0  ddiv.o(x$fpl$ddiv)
    _ddiv                                    0x08005b29   Thumb Code   552  ddiv.o(x$fpl$ddiv)
    __aeabi_dmul                             0x08005dd9   Thumb Code     0  dmul.o(x$fpl$dmul)
    _dmul                                    0x08005dd9   Thumb Code   332  dmul.o(x$fpl$dmul)
    __fpl_dnaninf                            0x08005f2d   Thumb Code   156  dnaninf.o(x$fpl$dnaninf)
    __fpl_dretinf                            0x08005fc9   Thumb Code    12  dretinf.o(x$fpl$dretinf)
    __aeabi_drsub                            0x08005fd5   Thumb Code     0  daddsub_clz.o(x$fpl$drsb)
    _drsb                                    0x08005fd5   Thumb Code    22  daddsub_clz.o(x$fpl$drsb)
    _dsqrt                                   0x08005fed   Thumb Code   456  dsqrt_noumaal.o(x$fpl$dsqrt)
    __aeabi_dsub                             0x080061b9   Thumb Code     0  daddsub_clz.o(x$fpl$dsub)
    _dsub                                    0x080061b9   Thumb Code   464  daddsub_clz.o(x$fpl$dsub)
    __aeabi_f2d                              0x0800638d   Thumb Code     0  f2d.o(x$fpl$f2d)
    _f2d                                     0x0800638d   Thumb Code    86  f2d.o(x$fpl$f2d)
    __aeabi_fadd                             0x080063e5   Thumb Code     0  faddsub_clz.o(x$fpl$fadd)
    _fadd                                    0x080063e5   Thumb Code   196  faddsub_clz.o(x$fpl$fadd)
    __fpl_fcmp_Inf                           0x080064a9   Thumb Code    24  fcmpi.o(x$fpl$fcmpinf)
    __aeabi_fdiv                             0x080064c1   Thumb Code     0  fdiv.o(x$fpl$fdiv)
    _fdiv                                    0x080064c1   Thumb Code   384  fdiv.o(x$fpl$fdiv)
    __aeabi_cfcmpeq                          0x08006645   Thumb Code     0  feqf.o(x$fpl$feqf)
    _fcmpeq                                  0x08006645   Thumb Code   104  feqf.o(x$fpl$feqf)
    __aeabi_f2iz                             0x080066ad   Thumb Code     0  ffix.o(x$fpl$ffix)
    _ffix                                    0x080066ad   Thumb Code    54  ffix.o(x$fpl$ffix)
    __aeabi_f2uiz                            0x080066e5   Thumb Code     0  ffixu.o(x$fpl$ffixu)
    _ffixu                                   0x080066e5   Thumb Code    62  ffixu.o(x$fpl$ffixu)
    __aeabi_i2f                              0x08006725   Thumb Code     0  fflt_clz.o(x$fpl$fflt)
    _fflt                                    0x08006725   Thumb Code    48  fflt_clz.o(x$fpl$fflt)
    __aeabi_ui2f                             0x08006755   Thumb Code     0  fflt_clz.o(x$fpl$ffltu)
    _ffltu                                   0x08006755   Thumb Code    38  fflt_clz.o(x$fpl$ffltu)
    __aeabi_cfcmple                          0x0800677d   Thumb Code     0  fleqf.o(x$fpl$fleqf)
    _fcmple                                  0x0800677d   Thumb Code   104  fleqf.o(x$fpl$fleqf)
    __fpl_fcmple_InfNaN                      0x080067cf   Thumb Code     0  fleqf.o(x$fpl$fleqf)
    __aeabi_fmul                             0x080067e5   Thumb Code     0  fmul.o(x$fpl$fmul)
    _fmul                                    0x080067e5   Thumb Code   258  fmul.o(x$fpl$fmul)
    __fpl_fnaninf                            0x080068e7   Thumb Code   140  fnaninf.o(x$fpl$fnaninf)
    __fpl_fretinf                            0x08006973   Thumb Code    10  fretinf.o(x$fpl$fretinf)
    __aeabi_cfrcmple                         0x0800697d   Thumb Code     0  frleqf.o(x$fpl$frleqf)
    _frcmple                                 0x0800697d   Thumb Code    98  frleqf.o(x$fpl$frleqf)
    __aeabi_fsub                             0x080069e1   Thumb Code     0  faddsub_clz.o(x$fpl$fsub)
    _fsub                                    0x080069e1   Thumb Code   234  faddsub_clz.o(x$fpl$fsub)
    __fpl_return_NaN                         0x08006acb   Thumb Code   100  retnan.o(x$fpl$retnan)
    __ARM_scalbn                             0x08006b2f   Thumb Code    92  scalbn.o(x$fpl$scalbn)
    __fpl_cmpreturn                          0x08006b8b   Thumb Code    48  trapv.o(x$fpl$trapveneer)
    __I$use$fp                               0x08006bba   Number         0  usenofp.o(x$fpl$usenofp)
    reg                                      0x08006bbc   Data          27  inv_mpu.o(.constdata)
    hw                                       0x08006bd8   Data          12  inv_mpu.o(.constdata)
    test                                     0x08006be4   Data          40  inv_mpu.o(.constdata)
    F6x8                                     0x08007802   Data         552  oled.o(.constdata)
    F8X16                                    0x08007a2a   Data        1520  oled.o(.constdata)
    __mathlib_zero                           0x08008118   Data           8  qnan.o(.constdata)
    Region$$Table$$Base                      0x08008170   Number         0  anon$$obj.o(Region$$Table)
    Region$$Table$$Limit                     0x08008190   Number         0  anon$$obj.o(Region$$Table)
    zhongzhi                                 0x20000000   Data           4  main.o(.data)
    motor_flag                               0x20000004   Data           4  main.o(.data)
    Kp                                       0x20000008   Data           4  main.o(.data)
    Ki                                       0x2000000c   Data           4  main.o(.data)
    Kd                                       0x20000010   Data           4  main.o(.data)
    VKp                                      0x20000014   Data           4  main.o(.data)
    VKi                                      0x20000018   Data           4  main.o(.data)
    SystemCoreClock                          0x2000001c   Data           4  system_stm32f10x.o(.data)
    AHBPrescTable                            0x20000020   Data          16  system_stm32f10x.o(.data)
    __stdout                                 0x20000034   Data           4  usart.o(.data)
    pitch                                    0x20000070   Data           4  mpuexti.o(.data)
    roll                                     0x20000074   Data           4  mpuexti.o(.data)
    yaw                                      0x20000078   Data           4  mpuexti.o(.data)
    measure                                  0x2000007c   Data           4  mpuexti.o(.data)
    calcu                                    0x20000080   Data           4  mpuexti.o(.data)
    velocity                                 0x20000084   Data           4  mpuexti.o(.data)
    PWM                                      0x20000088   Data           4  mpuexti.o(.data)
    err                                      0x2000008c   Data           4  pid.o(.data)
    last_err                                 0x20000090   Data           4  pid.o(.data)
    err_sum                                  0x20000094   Data           4  pid.o(.data)
    err_difference                           0x20000098   Data           4  pid.o(.data)
    filt_velocity                            0x2000009c   Data           4  pid.o(.data)
    last_filt_velocity                       0x200000a0   Data           4  pid.o(.data)
    velocity_sum                             0x200000a4   Data           4  pid.o(.data)
    __libspace_start                         0x200000b8   Data          96  libspace.o(.bss)
    __temporary_stack_top$libspace           0x20000118   Data           0  libspace.o(.bss)



==============================================================================

Memory Map of the image

  Image Entry point : 0x08000191

  Load Region LR_1 (Base: 0x08000000, Size: 0x00008238, Max: 0xffffffff, ABSOLUTE)

    Execution Region ER_RO (Base: 0x08000000, Size: 0x00008190, Max: 0xffffffff, ABSOLUTE)

    Base Addr    Size         Type   Attr      Idx    E Section Name        Object

    0x08000000   0x000000ec   Data   RO          278    RESET               startup_stm32f10x_md.o
    0x080000ec   0x00000008   Code   RO         4405  * !!!main             c_w.l(__main.o)
    0x080000f4   0x00000034   Code   RO         4729    !!!scatter          c_w.l(__scatter.o)
    0x08000128   0x0000001a   Code   RO         4731    !!handler_copy      c_w.l(__scatter_copy.o)
    0x08000142   0x00000002   PAD
    0x08000144   0x0000001c   Code   RO         4733    !!handler_zi        c_w.l(__scatter_zi.o)
    0x08000160   0x00000000   Code   RO         4398    .ARM.Collect$$_printf_percent$$00000000  c_w.l(_printf_percent.o)
    0x08000160   0x00000006   Code   RO         4397    .ARM.Collect$$_printf_percent$$00000009  c_w.l(_printf_d.o)
    0x08000166   0x00000004   Code   RO         4490    .ARM.Collect$$_printf_percent$$00000017  c_w.l(_printf_percent_end.o)
    0x0800016a   0x00000002   Code   RO         4597    .ARM.Collect$$libinit$$00000000  c_w.l(libinit.o)
    0x0800016c   0x00000000   Code   RO         4609    .ARM.Collect$$libinit$$00000002  c_w.l(libinit2.o)
    0x0800016c   0x00000000   Code   RO         4611    .ARM.Collect$$libinit$$00000004  c_w.l(libinit2.o)
    0x0800016c   0x00000000   Code   RO         4614    .ARM.Collect$$libinit$$0000000A  c_w.l(libinit2.o)
    0x0800016c   0x00000000   Code   RO         4616    .ARM.Collect$$libinit$$0000000C  c_w.l(libinit2.o)
    0x0800016c   0x00000000   Code   RO         4618    .ARM.Collect$$libinit$$0000000E  c_w.l(libinit2.o)
    0x0800016c   0x00000000   Code   RO         4621    .ARM.Collect$$libinit$$00000011  c_w.l(libinit2.o)
    0x0800016c   0x00000000   Code   RO         4623    .ARM.Collect$$libinit$$00000013  c_w.l(libinit2.o)
    0x0800016c   0x00000000   Code   RO         4625    .ARM.Collect$$libinit$$00000015  c_w.l(libinit2.o)
    0x0800016c   0x00000000   Code   RO         4627    .ARM.Collect$$libinit$$00000017  c_w.l(libinit2.o)
    0x0800016c   0x00000000   Code   RO         4629    .ARM.Collect$$libinit$$00000019  c_w.l(libinit2.o)
    0x0800016c   0x00000000   Code   RO         4631    .ARM.Collect$$libinit$$0000001B  c_w.l(libinit2.o)
    0x0800016c   0x00000000   Code   RO         4633    .ARM.Collect$$libinit$$0000001D  c_w.l(libinit2.o)
    0x0800016c   0x00000000   Code   RO         4635    .ARM.Collect$$libinit$$0000001F  c_w.l(libinit2.o)
    0x0800016c   0x00000000   Code   RO         4637    .ARM.Collect$$libinit$$00000021  c_w.l(libinit2.o)
    0x0800016c   0x00000000   Code   RO         4639    .ARM.Collect$$libinit$$00000023  c_w.l(libinit2.o)
    0x0800016c   0x00000000   Code   RO         4641    .ARM.Collect$$libinit$$00000025  c_w.l(libinit2.o)
    0x0800016c   0x00000000   Code   RO         4645    .ARM.Collect$$libinit$$0000002C  c_w.l(libinit2.o)
    0x0800016c   0x00000000   Code   RO         4647    .ARM.Collect$$libinit$$0000002E  c_w.l(libinit2.o)
    0x0800016c   0x00000000   Code   RO         4649    .ARM.Collect$$libinit$$00000030  c_w.l(libinit2.o)
    0x0800016c   0x00000000   Code   RO         4651    .ARM.Collect$$libinit$$00000032  c_w.l(libinit2.o)
    0x0800016c   0x00000002   Code   RO         4652    .ARM.Collect$$libinit$$00000033  c_w.l(libinit2.o)
    0x0800016e   0x00000002   Code   RO         4682    .ARM.Collect$$libshutdown$$00000000  c_w.l(libshutdown.o)
    0x08000170   0x00000000   Code   RO         4697    .ARM.Collect$$libshutdown$$00000003  c_w.l(libshutdown2.o)
    0x08000170   0x00000000   Code   RO         4700    .ARM.Collect$$libshutdown$$00000006  c_w.l(libshutdown2.o)
    0x08000170   0x00000000   Code   RO         4703    .ARM.Collect$$libshutdown$$00000009  c_w.l(libshutdown2.o)
    0x08000170   0x00000000   Code   RO         4705    .ARM.Collect$$libshutdown$$0000000B  c_w.l(libshutdown2.o)
    0x08000170   0x00000000   Code   RO         4708    .ARM.Collect$$libshutdown$$0000000E  c_w.l(libshutdown2.o)
    0x08000170   0x00000002   Code   RO         4709    .ARM.Collect$$libshutdown$$0000000F  c_w.l(libshutdown2.o)
    0x08000172   0x00000000   Code   RO         4481    .ARM.Collect$$rtentry$$00000000  c_w.l(__rtentry.o)
    0x08000172   0x00000000   Code   RO         4544    .ARM.Collect$$rtentry$$00000002  c_w.l(__rtentry2.o)
    0x08000172   0x00000006   Code   RO         4556    .ARM.Collect$$rtentry$$00000004  c_w.l(__rtentry4.o)
    0x08000178   0x00000000   Code   RO         4546    .ARM.Collect$$rtentry$$00000009  c_w.l(__rtentry2.o)
    0x08000178   0x00000004   Code   RO         4547    .ARM.Collect$$rtentry$$0000000A  c_w.l(__rtentry2.o)
    0x0800017c   0x00000000   Code   RO         4549    .ARM.Collect$$rtentry$$0000000C  c_w.l(__rtentry2.o)
    0x0800017c   0x00000008   Code   RO         4550    .ARM.Collect$$rtentry$$0000000D  c_w.l(__rtentry2.o)
    0x08000184   0x00000002   Code   RO         4602    .ARM.Collect$$rtexit$$00000000  c_w.l(rtexit.o)
    0x08000186   0x00000000   Code   RO         4656    .ARM.Collect$$rtexit$$00000002  c_w.l(rtexit2.o)
    0x08000186   0x00000004   Code   RO         4657    .ARM.Collect$$rtexit$$00000003  c_w.l(rtexit2.o)
    0x0800018a   0x00000006   Code   RO         4658    .ARM.Collect$$rtexit$$00000004  c_w.l(rtexit2.o)
    0x08000190   0x00000040   Code   RO          279  * .text               startup_stm32f10x_md.o
    0x080001d0   0x00000002   Code   RO         4341    .text               c_w.l(use_no_semi_2.o)
    0x080001d2   0x00000048   Code   RO         4343    .text               c_w.l(llsdiv.o)
    0x0800021a   0x00000002   PAD
    0x0800021c   0x00000018   Code   RO         4347    .text               c_w.l(noretval__2printf.o)
    0x08000234   0x00000078   Code   RO         4353    .text               c_w.l(_printf_dec.o)
    0x080002ac   0x00000138   Code   RO         4388    .text               c_w.l(__printf_flags_wp.o)
    0x080003e4   0x00000058   Code   RO         4399    .text               c_w.l(memcmp.o)
    0x0800043c   0x00000010   Code   RO         4401    .text               c_w.l(aeabi_memset.o)
    0x0800044c   0x00000006   Code   RO         4403    .text               c_w.l(heapauxi.o)
    0x08000452   0x00000002   Code   RO         4479    .text               c_w.l(use_no_semi.o)
    0x08000454   0x000000ee   Code   RO         4482    .text               c_w.l(lludivv7m.o)
    0x08000542   0x00000016   Code   RO         4484    .text               c_w.l(_rserrno.o)
    0x08000558   0x000000b2   Code   RO         4486    .text               c_w.l(_printf_intcommon.o)
    0x0800060a   0x00000002   PAD
    0x0800060c   0x00000024   Code   RO         4488    .text               c_w.l(_printf_char_file.o)
    0x08000630   0x00000044   Code   RO         4491    .text               c_w.l(rt_memclr.o)
    0x08000674   0x00000008   Code   RO         4565    .text               c_w.l(rt_errno_addr_intlibspace.o)
    0x0800067c   0x00000030   Code   RO         4567    .text               c_w.l(_printf_char_common.o)
    0x080006ac   0x00000008   Code   RO         4569    .text               c_w.l(ferror.o)
    0x080006b4   0x0000004e   Code   RO         4573    .text               c_w.l(rt_memclr_w.o)
    0x08000702   0x00000002   PAD
    0x08000704   0x00000008   Code   RO         4581    .text               c_w.l(libspace.o)
    0x0800070c   0x0000004a   Code   RO         4584    .text               c_w.l(sys_stackheap_outer.o)
    0x08000756   0x0000000c   Code   RO         4590    .text               c_w.l(exit.o)
    0x08000762   0x00000004   Code   RO          142    i.BusFault_Handler  stm32f10x_it.o
    0x08000766   0x00000002   PAD
    0x08000768   0x0000009c   Code   RO         3891    i.DMP_Init          mpu6050.o
    0x08000804   0x00000002   Code   RO          143    i.DebugMon_Handler  stm32f10x_it.o
    0x08000806   0x00000002   PAD
    0x08000808   0x0000009c   Code   RO         4217    i.EXTI15_10_IRQHandler  mpuexti.o
    0x080008a4   0x0000000c   Code   RO         1629    i.EXTI_ClearITPendingBit  stm32f10x_exti.o
    0x080008b0   0x00000094   Code   RO         1634    i.EXTI_Init         stm32f10x_exti.o
    0x08000944   0x00000040   Code   RO         1979    i.GPIO_EXTILineConfig  stm32f10x_gpio.o
    0x08000984   0x00000116   Code   RO         1982    i.GPIO_Init         stm32f10x_gpio.o
    0x08000a9a   0x00000002   PAD
    0x08000a9c   0x00000090   Code   RO         1984    i.GPIO_PinRemapConfig  stm32f10x_gpio.o
    0x08000b2c   0x00000004   Code   RO         1989    i.GPIO_ResetBits    stm32f10x_gpio.o
    0x08000b30   0x00000004   Code   RO         1990    i.GPIO_SetBits      stm32f10x_gpio.o
    0x08000b34   0x00000004   Code   RO          144    i.HardFault_Handler  stm32f10x_it.o
    0x08000b38   0x00000048   Code   RO         4164    i.IIC_Init          oled_i2c.o
    0x08000b80   0x00000068   Code   RO         4167    i.IIC_Send_Byte     oled_i2c.o
    0x08000be8   0x0000004c   Code   RO         4168    i.IIC_Start         oled_i2c.o
    0x08000c34   0x0000004c   Code   RO         4169    i.IIC_Stop          oled_i2c.o
    0x08000c80   0x00000064   Code   RO         4170    i.IIC_Wait_Ack      oled_i2c.o
    0x08000ce4   0x00000048   Code   RO         4311    i.I_xianfu          pid.o
    0x08000d2c   0x0000004c   Code   RO         3976    i.MPU_IIC_Ack       mpuiic.o
    0x08000d78   0x0000000a   Code   RO         3977    i.MPU_IIC_Delay     mpuiic.o
    0x08000d82   0x00000002   PAD
    0x08000d84   0x00000038   Code   RO         3978    i.MPU_IIC_Init      mpuiic.o
    0x08000dbc   0x0000004c   Code   RO         3979    i.MPU_IIC_NAck      mpuiic.o
    0x08000e08   0x0000006c   Code   RO         3980    i.MPU_IIC_Read_Byte  mpuiic.o
    0x08000e74   0x0000005c   Code   RO         3981    i.MPU_IIC_Send_Byte  mpuiic.o
    0x08000ed0   0x00000048   Code   RO         3982    i.MPU_IIC_Start     mpuiic.o
    0x08000f18   0x00000048   Code   RO         3983    i.MPU_IIC_Stop      mpuiic.o
    0x08000f60   0x00000064   Code   RO         3984    i.MPU_IIC_Wait_Ack  mpuiic.o
    0x08000fc4   0x000000f8   Code   RO         3895    i.MPU_Init          mpu6050.o
    0x080010bc   0x0000003a   Code   RO         3896    i.MPU_Read_Byte     mpu6050.o
    0x080010f6   0x00000074   Code   RO         3897    i.MPU_Read_Len      mpu6050.o
    0x0800116a   0x00000010   Code   RO         3898    i.MPU_Set_Accel_Fsr  mpu6050.o
    0x0800117a   0x00000010   Code   RO         3899    i.MPU_Set_Gyro_Fsr  mpu6050.o
    0x0800118a   0x0000003a   Code   RO         3900    i.MPU_Set_LPF       mpu6050.o
    0x080011c4   0x0000003a   Code   RO         3901    i.MPU_Set_Rate      mpu6050.o
    0x080011fe   0x00000044   Code   RO         3902    i.MPU_Write_Byte    mpu6050.o
    0x08001242   0x00000060   Code   RO         3903    i.MPU_Write_Len     mpu6050.o
    0x080012a2   0x00000002   PAD
    0x080012a4   0x00000070   Code   RO         4218    i.MPU_exti_init     mpuexti.o
    0x08001314   0x00000004   Code   RO          145    i.MemManage_Handler  stm32f10x_it.o
    0x08001318   0x00000002   Code   RO          146    i.NMI_Handler       stm32f10x_it.o
    0x0800131a   0x00000002   PAD
    0x0800131c   0x00000070   Code   RO          831    i.NVIC_Init         misc.o
    0x0800138c   0x00000014   Code   RO          832    i.NVIC_PriorityGroupConfig  misc.o
    0x080013a0   0x00000048   Code   RO         4036    i.Num_Digit         oled.o
    0x080013e8   0x0000000a   Code   RO         4037    i.OLED_Clear        oled.o
    0x080013f2   0x0000004c   Code   RO         4038    i.OLED_Command      oled.o
    0x0800143e   0x0000004c   Code   RO         4039    i.OLED_Data         oled.o
    0x0800148a   0x0000003a   Code   RO         4041    i.OLED_Fill         oled.o
    0x080014c4   0x00000144   Code   RO         4042    i.OLED_Init         oled.o
    0x08001608   0x00000028   Code   RO         4045    i.OLED_SetPos       oled.o
    0x08001630   0x00000090   Code   RO         4046    i.OLED_ShowAngle    oled.o
    0x080016c0   0x00000256   Code   RO         4048    i.OLED_ShowNum      oled.o
    0x08001916   0x00000002   PAD
    0x08001918   0x0000003c   Code   RO         4049    i.OLED_ShowPWM      oled.o
    0x08001954   0x00000100   Code   RO         4050    i.OLED_ShowSNum     oled.o
    0x08001a54   0x000000ec   Code   RO         4051    i.OLED_ShowStr      oled.o
    0x08001b40   0x000000ce   Code   RO         4052    i.OLED_Shownum1     oled.o
    0x08001c0e   0x00000002   PAD
    0x08001c10   0x000000f4   Code   RO         4054    i.OLED_Shownum3     oled.o
    0x08001d04   0x00000016   Code   RO         4245    i.PWM_Xianfu        motor.o
    0x08001d1a   0x00000002   Code   RO          147    i.PendSV_Handler    stm32f10x_it.o
    0x08001d1c   0x00000020   Code   RO         2398    i.RCC_APB1PeriphClockCmd  stm32f10x_rcc.o
    0x08001d3c   0x00000020   Code   RO         2400    i.RCC_APB2PeriphClockCmd  stm32f10x_rcc.o
    0x08001d5c   0x0000004c   Code   RO         4246    i.SETPWM            motor.o
    0x08001da8   0x00000002   Code   RO          148    i.SVC_Handler       stm32f10x_it.o
    0x08001daa   0x00000008   Code   RO          231    i.SetSysClock       system_stm32f10x.o
    0x08001db2   0x00000002   PAD
    0x08001db4   0x000000e0   Code   RO          232    i.SetSysClockTo72   system_stm32f10x.o
    0x08001e94   0x00000028   Code   RO          835    i.SysTick_CLKSourceConfig  misc.o
    0x08001ebc   0x00000002   Code   RO          149    i.SysTick_Handler   stm32f10x_it.o
    0x08001ebe   0x00000002   PAD
    0x08001ec0   0x00000060   Code   RO          234    i.SystemInit        system_stm32f10x.o
    0x08001f20   0x00000080   Code   RO          283    i.TI1_Config        stm32f10x_tim.o
    0x08001fa0   0x00000098   Code   RO          284    i.TI2_Config        stm32f10x_tim.o
    0x08002038   0x00000090   Code   RO          285    i.TI3_Config        stm32f10x_tim.o
    0x080020c8   0x00000098   Code   RO          286    i.TI4_Config        stm32f10x_tim.o
    0x08002160   0x00000088   Code   RO         3335    i.TIM1_PWM_Init     timer.o
    0x080021e8   0x00000016   Code   RO         3336    i.TIM2_IRQHandler   timer.o
    0x080021fe   0x00000002   PAD
    0x08002200   0x00000098   Code   RO         3337    i.TIM2_encoder_init  timer.o
    0x08002298   0x0000001c   Code   RO         3338    i.TIM3_IRQHandler   timer.o
    0x080022b4   0x00000094   Code   RO         3339    i.TIM3_encoder_init  timer.o
    0x08002348   0x00000006   Code   RO          294    i.TIM_ClearITPendingBit  stm32f10x_tim.o
    0x0800234e   0x00000018   Code   RO          299    i.TIM_Cmd           stm32f10x_tim.o
    0x08002366   0x0000001e   Code   RO          301    i.TIM_CtrlPWMOutputs  stm32f10x_tim.o
    0x08002384   0x00000042   Code   RO          308    i.TIM_EncoderInterfaceConfig  stm32f10x_tim.o
    0x080023c6   0x00000006   Code   RO          318    i.TIM_GetCounter    stm32f10x_tim.o
    0x080023cc   0x00000022   Code   RO          320    i.TIM_GetITStatus   stm32f10x_tim.o
    0x080023ee   0x00000002   PAD
    0x080023f0   0x000000ac   Code   RO          322    i.TIM_ICInit        stm32f10x_tim.o
    0x0800249c   0x00000012   Code   RO          323    i.TIM_ICStructInit  stm32f10x_tim.o
    0x080024ae   0x00000012   Code   RO          324    i.TIM_ITConfig      stm32f10x_tim.o
    0x080024c0   0x00000098   Code   RO          328    i.TIM_OC1Init       stm32f10x_tim.o
    0x08002558   0x00000012   Code   RO          331    i.TIM_OC1PreloadConfig  stm32f10x_tim.o
    0x0800256a   0x00000002   PAD
    0x0800256c   0x0000007c   Code   RO          343    i.TIM_OC4Init       stm32f10x_tim.o
    0x080025e8   0x0000001a   Code   RO          345    i.TIM_OC4PreloadConfig  stm32f10x_tim.o
    0x08002602   0x00000004   Code   RO          360    i.TIM_SetCompare1   stm32f10x_tim.o
    0x08002606   0x00000006   Code   RO          363    i.TIM_SetCompare4   stm32f10x_tim.o
    0x0800260c   0x00000004   Code   RO          364    i.TIM_SetCounter    stm32f10x_tim.o
    0x08002610   0x00000012   Code   RO          365    i.TIM_SetIC1Prescaler  stm32f10x_tim.o
    0x08002622   0x0000001a   Code   RO          366    i.TIM_SetIC2Prescaler  stm32f10x_tim.o
    0x0800263c   0x00000012   Code   RO          367    i.TIM_SetIC3Prescaler  stm32f10x_tim.o
    0x0800264e   0x0000001a   Code   RO          368    i.TIM_SetIC4Prescaler  stm32f10x_tim.o
    0x08002668   0x000000a4   Code   RO          370    i.TIM_TimeBaseInit  stm32f10x_tim.o
    0x0800270c   0x00000012   Code   RO          371    i.TIM_TimeBaseStructInit  stm32f10x_tim.o
    0x0800271e   0x00000004   Code   RO          150    i.UsageFault_Handler  stm32f10x_it.o
    0x08002722   0x00000028   Code   RO         4530    i.__ARM_fpclassify  m_ws.l(fpclassify.o)
    0x0800274a   0x000000aa   Code   RO         4532    i.__kernel_poly     m_ws.l(poly.o)
    0x080027f4   0x00000006   Code   RO         4517    i.__mathlib_dbl_infnan  m_ws.l(dunder.o)
    0x080027fa   0x00000004   Code   RO         4518    i.__mathlib_dbl_infnan2  m_ws.l(dunder.o)
    0x080027fe   0x0000000c   Code   RO         4519    i.__mathlib_dbl_invalid  m_ws.l(dunder.o)
    0x0800280a   0x00000002   PAD
    0x0800280c   0x00000010   Code   RO         4522    i.__mathlib_dbl_underflow  m_ws.l(dunder.o)
    0x0800281c   0x0000000e   Code   RO         4386    i._is_digit         c_w.l(__printf_wp.o)
    0x0800282a   0x00000004   Code   RO         3304    i._sys_exit         usart.o
    0x0800282e   0x00000002   PAD
    0x08002830   0x000000a8   Code   RO         3374    i.accel_self_test   inv_mpu.o
    0x080028d8   0x00000270   Code   RO         4462    i.asin              m_ws.l(asin.o)
    0x08002b48   0x00000220   Code   RO         4507    i.atan              m_ws.l(atan.o)
    0x08002d68   0x00000180   Code   RO         4472    i.atan2             m_ws.l(atan2.o)
    0x08002ee8   0x00000064   Code   RO         3705    i.decode_gesture    inv_mpu_dmp_motion_driver.o
    0x08002f4c   0x00000044   Code   RO         3250    i.delay_init        delay.o
    0x08002f90   0x0000004c   Code   RO         3251    i.delay_ms          delay.o
    0x08002fdc   0x0000004c   Code   RO         3252    i.delay_us          delay.o
    0x08003028   0x0000003c   Code   RO         3706    i.dmp_enable_6x_lp_quat  inv_mpu_dmp_motion_driver.o
    0x08003064   0x0000021c   Code   RO         3707    i.dmp_enable_feature  inv_mpu_dmp_motion_driver.o
    0x08003280   0x00000058   Code   RO         3708    i.dmp_enable_gyro_cal  inv_mpu_dmp_motion_driver.o
    0x080032d8   0x0000003c   Code   RO         3709    i.dmp_enable_lp_quat  inv_mpu_dmp_motion_driver.o
    0x08003314   0x00000018   Code   RO         3714    i.dmp_load_motion_driver_firmware  inv_mpu_dmp_motion_driver.o
    0x0800332c   0x000001cc   Code   RO         3715    i.dmp_read_fifo     inv_mpu_dmp_motion_driver.o
    0x080034f8   0x00000130   Code   RO         3718    i.dmp_set_accel_bias  inv_mpu_dmp_motion_driver.o
    0x08003628   0x00000070   Code   RO         3719    i.dmp_set_fifo_rate  inv_mpu_dmp_motion_driver.o
    0x08003698   0x00000130   Code   RO         3720    i.dmp_set_gyro_bias  inv_mpu_dmp_motion_driver.o
    0x080037c8   0x00000138   Code   RO         3722    i.dmp_set_orientation  inv_mpu_dmp_motion_driver.o
    0x08003900   0x00000038   Code   RO         3725    i.dmp_set_shake_reject_thresh  inv_mpu_dmp_motion_driver.o
    0x08003938   0x00000026   Code   RO         3726    i.dmp_set_shake_reject_time  inv_mpu_dmp_motion_driver.o
    0x0800395e   0x00000026   Code   RO         3727    i.dmp_set_shake_reject_timeout  inv_mpu_dmp_motion_driver.o
    0x08003984   0x00000046   Code   RO         3728    i.dmp_set_tap_axes  inv_mpu_dmp_motion_driver.o
    0x080039ca   0x00000026   Code   RO         3729    i.dmp_set_tap_count  inv_mpu_dmp_motion_driver.o
    0x080039f0   0x000001a0   Code   RO         3730    i.dmp_set_tap_thresh  inv_mpu_dmp_motion_driver.o
    0x08003b90   0x00000026   Code   RO         3731    i.dmp_set_tap_time  inv_mpu_dmp_motion_driver.o
    0x08003bb6   0x00000026   Code   RO         3732    i.dmp_set_tap_time_multi  inv_mpu_dmp_motion_driver.o
    0x08003bdc   0x0000001c   Code   RO         3305    i.fputc             usart.o
    0x08003bf8   0x000000b4   Code   RO         3375    i.get_accel_prod_shift  inv_mpu.o
    0x08003cac   0x00000470   Code   RO         3376    i.get_st_biases     inv_mpu.o
    0x0800411c   0x00000110   Code   RO         3377    i.gyro_self_test    inv_mpu.o
    0x0800422c   0x00000028   Code   RO         3378    i.inv_orientation_matrix_to_scalar  inv_mpu.o
    0x08004254   0x0000004e   Code   RO         3379    i.inv_row_2_scale   inv_mpu.o
    0x080042a2   0x00000002   PAD
    0x080042a4   0x0000001c   Code   RO         4247    i.left_negative     motor.o
    0x080042c0   0x0000001c   Code   RO         4248    i.left_positive     motor.o
    0x080042dc   0x00000094   Code   RO            1    i.main              main.o
    0x08004370   0x00000002   Code   RO         3380    i.mget_ms           inv_mpu.o
    0x08004372   0x00000002   PAD
    0x08004374   0x00000070   Code   RO         4249    i.motor_gpio_init   motor.o
    0x080043e4   0x0000001a   Code   RO         4250    i.motor_init        motor.o
    0x080043fe   0x00000002   PAD
    0x08004400   0x00000070   Code   RO         3381    i.mpu_configure_fifo  inv_mpu.o
    0x08004470   0x00000224   Code   RO         3382    i.mpu_dmp_get_data  inv_mpu.o
    0x08004694   0x000000a0   Code   RO         3383    i.mpu_dmp_init      inv_mpu.o
    0x08004734   0x0000004c   Code   RO         3384    i.mpu_get_accel_fsr  inv_mpu.o
    0x08004780   0x00000054   Code   RO         3386    i.mpu_get_accel_sens  inv_mpu.o
    0x080047d4   0x00000010   Code   RO         3391    i.mpu_get_fifo_config  inv_mpu.o
    0x080047e4   0x00000044   Code   RO         3392    i.mpu_get_gyro_fsr  inv_mpu.o
    0x08004828   0x00000050   Code   RO         3394    i.mpu_get_gyro_sens  inv_mpu.o
    0x08004878   0x00000050   Code   RO         3396    i.mpu_get_lpf       inv_mpu.o
    0x080048c8   0x00000020   Code   RO         3398    i.mpu_get_sample_rate  inv_mpu.o
    0x080048e8   0x000001f0   Code   RO         3400    i.mpu_init          inv_mpu.o
    0x08004ad8   0x000000b8   Code   RO         3401    i.mpu_load_firmware  inv_mpu.o
    0x08004b90   0x000000e0   Code   RO         3402    i.mpu_lp_accel_mode  inv_mpu.o
    0x08004c70   0x000000c0   Code   RO         3405    i.mpu_read_fifo_stream  inv_mpu.o
    0x08004d30   0x00000080   Code   RO         3406    i.mpu_read_mem      inv_mpu.o
    0x08004db0   0x000001c8   Code   RO         3409    i.mpu_reset_fifo    inv_mpu.o
    0x08004f78   0x0000011c   Code   RO         3410    i.mpu_run_self_test  inv_mpu.o
    0x08005094   0x00000084   Code   RO         3412    i.mpu_set_accel_fsr  inv_mpu.o
    0x08005118   0x0000014c   Code   RO         3413    i.mpu_set_bypass    inv_mpu.o
    0x08005264   0x00000090   Code   RO         3415    i.mpu_set_dmp_state  inv_mpu.o
    0x080052f4   0x00000088   Code   RO         3416    i.mpu_set_gyro_fsr  inv_mpu.o
    0x0800537c   0x0000006c   Code   RO         3417    i.mpu_set_int_latched  inv_mpu.o
    0x080053e8   0x00000084   Code   RO         3419    i.mpu_set_lpf       inv_mpu.o
    0x0800546c   0x0000009c   Code   RO         3420    i.mpu_set_sample_rate  inv_mpu.o
    0x08005508   0x000000d0   Code   RO         3421    i.mpu_set_sensors   inv_mpu.o
    0x080055d8   0x00000080   Code   RO         3422    i.mpu_write_mem     inv_mpu.o
    0x08005658   0x0000001a   Code   RO         4251    i.read_encoder2     motor.o
    0x08005672   0x00000002   PAD
    0x08005674   0x0000001c   Code   RO         4252    i.read_encoder3     motor.o
    0x08005690   0x0000001c   Code   RO         4253    i.right_negative    motor.o
    0x080056ac   0x0000001c   Code   RO         4254    i.right_positive    motor.o
    0x080056c8   0x00000084   Code   RO         3423    i.run_self_test     inv_mpu.o
    0x0800574c   0x00000090   Code   RO         3424    i.set_int_enable    inv_mpu.o
    0x080057dc   0x0000004c   Code   RO         4536    i.sqrt              m_ws.l(sqrt.o)
    0x08005828   0x000000a0   Code   RO         4312    i.velocity_PID_value  pid.o
    0x080058c8   0x0000009c   Code   RO         4313    i.vertical_PID_value  pid.o
    0x08005964   0x00000062   Code   RO         4407    x$fpl$d2f           fz_ws.l(d2f.o)
    0x080059c6   0x00000002   PAD
    0x080059c8   0x00000150   Code   RO         4409    x$fpl$dadd          fz_ws.l(daddsub_clz.o)
    0x08005b18   0x00000010   Code   RO         4575    x$fpl$dcheck1       fz_ws.l(dcheck1.o)
    0x08005b28   0x000002b0   Code   RO         4416    x$fpl$ddiv          fz_ws.l(ddiv.o)
    0x08005dd8   0x00000154   Code   RO         4425    x$fpl$dmul          fz_ws.l(dmul.o)
    0x08005f2c   0x0000009c   Code   RO         4493    x$fpl$dnaninf       fz_ws.l(dnaninf.o)
    0x08005fc8   0x0000000c   Code   RO         4495    x$fpl$dretinf       fz_ws.l(dretinf.o)
    0x08005fd4   0x00000016   Code   RO         4410    x$fpl$drsb          fz_ws.l(daddsub_clz.o)
    0x08005fea   0x00000002   PAD
    0x08005fec   0x000001cc   Code   RO         4579    x$fpl$dsqrt         fz_ws.l(dsqrt_noumaal.o)
    0x080061b8   0x000001d4   Code   RO         4411    x$fpl$dsub          fz_ws.l(daddsub_clz.o)
    0x0800638c   0x00000056   Code   RO         4427    x$fpl$f2d           fz_ws.l(f2d.o)
    0x080063e2   0x00000002   PAD
    0x080063e4   0x000000c4   Code   RO         4429    x$fpl$fadd          fz_ws.l(faddsub_clz.o)
    0x080064a8   0x00000018   Code   RO         4497    x$fpl$fcmpinf       fz_ws.l(fcmpi.o)
    0x080064c0   0x00000184   Code   RO         4436    x$fpl$fdiv          fz_ws.l(fdiv.o)
    0x08006644   0x00000068   Code   RO         4439    x$fpl$feqf          fz_ws.l(feqf.o)
    0x080066ac   0x00000036   Code   RO         4441    x$fpl$ffix          fz_ws.l(ffix.o)
    0x080066e2   0x00000002   PAD
    0x080066e4   0x0000003e   Code   RO         4445    x$fpl$ffixu         fz_ws.l(ffixu.o)
    0x08006722   0x00000002   PAD
    0x08006724   0x00000030   Code   RO         4450    x$fpl$fflt          fz_ws.l(fflt_clz.o)
    0x08006754   0x00000026   Code   RO         4449    x$fpl$ffltu         fz_ws.l(fflt_clz.o)
    0x0800677a   0x00000002   PAD
    0x0800677c   0x00000068   Code   RO         4455    x$fpl$fleqf         fz_ws.l(fleqf.o)
    0x080067e4   0x00000102   Code   RO         4457    x$fpl$fmul          fz_ws.l(fmul.o)
    0x080068e6   0x0000008c   Code   RO         4499    x$fpl$fnaninf       fz_ws.l(fnaninf.o)
    0x08006972   0x0000000a   Code   RO         4501    x$fpl$fretinf       fz_ws.l(fretinf.o)
    0x0800697c   0x00000062   Code   RO         4459    x$fpl$frleqf        fz_ws.l(frleqf.o)
    0x080069de   0x00000002   PAD
    0x080069e0   0x000000ea   Code   RO         4431    x$fpl$fsub          fz_ws.l(faddsub_clz.o)
    0x08006aca   0x00000064   Code   RO         4600    x$fpl$retnan        fz_ws.l(retnan.o)
    0x08006b2e   0x0000005c   Code   RO         4503    x$fpl$scalbn        fz_ws.l(scalbn.o)
    0x08006b8a   0x00000030   Code   RO         4653    x$fpl$trapveneer    fz_ws.l(trapv.o)
    0x08006bba   0x00000000   Code   RO         4505    x$fpl$usenofp       fz_ws.l(usenofp.o)
    0x08006bba   0x00000002   PAD
    0x08006bbc   0x00000050   Data   RO         3426    .constdata          inv_mpu.o
    0x08006c0c   0x00000bf6   Data   RO         3734    .constdata          inv_mpu_dmp_motion_driver.o
    0x08007802   0x00000818   Data   RO         4055    .constdata          oled.o
    0x0800801a   0x00000011   Data   RO         4389    .constdata          c_w.l(__printf_flags_wp.o)
    0x0800802b   0x00000005   PAD
    0x08008030   0x00000050   Data   RO         4463    .constdata          m_ws.l(asin.o)
    0x08008080   0x00000098   Data   RO         4508    .constdata          m_ws.l(atan.o)
    0x08008118   0x00000008   Data   RO         4534    .constdata          m_ws.l(qnan.o)
    0x08008120   0x0000004d   Data   RO         3427    .conststring        inv_mpu.o
    0x0800816d   0x00000003   PAD
    0x08008170   0x00000020   Data   RO         4727    Region$$Table       anon$$obj.o


    Execution Region ER_RW (Base: 0x20000000, Size: 0x000000a8, Max: 0xffffffff, ABSOLUTE)

    Base Addr    Size         Type   Attr      Idx    E Section Name        Object

    0x20000000   0x0000001c   Data   RW            2    .data               main.o
    0x2000001c   0x00000014   Data   RW          235    .data               system_stm32f10x.o
    0x20000030   0x00000004   Data   RW         3253    .data               delay.o
    0x20000034   0x00000004   Data   RW         3307    .data               usart.o
    0x20000038   0x00000035   Data   RW         3428    .data               inv_mpu.o
    0x2000006d   0x00000003   PAD
    0x20000070   0x0000001c   Data   RW         4219    .data               mpuexti.o
    0x2000008c   0x0000001c   Data   RW         4314    .data               pid.o


    Execution Region ER_ZI (Base: 0x200000a8, Size: 0x00000670, Max: 0xffffffff, ABSOLUTE)

    Base Addr    Size         Type   Attr      Idx    E Section Name        Object

    0x200000a8   0x00000010   Zero   RW         3733    .bss                inv_mpu_dmp_motion_driver.o
    0x200000b8   0x00000060   Zero   RW         4582    .bss                c_w.l(libspace.o)
    0x20000118   0x00000200   Zero   RW          277    HEAP                startup_stm32f10x_md.o
    0x20000318   0x00000400   Zero   RW          276    STACK               startup_stm32f10x_md.o


==============================================================================

Image component sizes


      Code (inc. data)   RO Data    RW Data    ZI Data      Debug   Object Name

         0          0          0          0          0         32   core_cm3.o
       220         26          0          4          0       1671   delay.o
      6848        290        157         53          0      30624   inv_mpu.o
      3096        122       3062          0         16      20474   inv_mpu_dmp_motion_driver.o
       148         32          0         28          0     239630   main.o
       172         22          0          0          0       2045   misc.o
       402         34          0          0          0       4879   motor.o
       890         88          0          0          0       6871   mpu6050.o
       268         40          0         28          0       1539   mpuexti.o
       662        100          0          0          0       4794   mpuiic.o
      2400        124       2072          0          0      10199   oled.o
       428         64          0          0          0       2649   oled_i2c.o
       388         62          0         28          0       2133   pid.o
        64         26        236          0       1536        792   startup_stm32f10x_md.o
       160         12          0          0          0       1489   stm32f10x_exti.o
       494         10          0          0          0       4448   stm32f10x_gpio.o
        26          0          0          0          0       3678   stm32f10x_it.o
        64         12          0          0          0       1138   stm32f10x_rcc.o
      1554        180          0          0          0      16421   stm32f10x_tim.o
       328         28          0         20          0       2077   system_stm32f10x.o
       486         26          0          0          0       2916   timer.o
        32          4          0          4          0       2686   usart.o

    ----------------------------------------------------------------------
     19166       1302       5562        168       1552     363185   Object Totals
         0          0         32          0          0          0   (incl. Generated)
        36          0          3          3          0          0   (incl. Padding)

    ----------------------------------------------------------------------

      Code (inc. data)   RO Data    RW Data    ZI Data      Debug   Library Member Name

         8          0          0          0          0         68   __main.o
       312          4         17          0          0         92   __printf_flags_wp.o
        14          0          0          0          0         68   __printf_wp.o
         0          0          0          0          0          0   __rtentry.o
        12          0          0          0          0          0   __rtentry2.o
         6          0          0          0          0          0   __rtentry4.o
        52          8          0          0          0          0   __scatter.o
        26          0          0          0          0          0   __scatter_copy.o
        28          0          0          0          0          0   __scatter_zi.o
        48          6          0          0          0         96   _printf_char_common.o
        36          4          0          0          0         80   _printf_char_file.o
         6          0          0          0          0          0   _printf_d.o
       120         16          0          0          0         92   _printf_dec.o
       178          0          0          0          0         88   _printf_intcommon.o
         0          0          0          0          0          0   _printf_percent.o
         4          0          0          0          0          0   _printf_percent_end.o
        22          0          0          0          0        100   _rserrno.o
        16          0          0          0          0         68   aeabi_memset.o
        12          0          0          0          0         72   exit.o
         8          0          0          0          0         68   ferror.o
         6          0          0          0          0        152   heapauxi.o
         2          0          0          0          0          0   libinit.o
         2          0          0          0          0          0   libinit2.o
         2          0          0          0          0          0   libshutdown.o
         2          0          0          0          0          0   libshutdown2.o
         8          4          0          0         96         68   libspace.o
        72          0          0          0          0         76   llsdiv.o
       238          0          0          0          0        100   lludivv7m.o
        88          0          0          0          0         76   memcmp.o
        24          4          0          0          0         84   noretval__2printf.o
         8          4          0          0          0         68   rt_errno_addr_intlibspace.o
        68          0          0          0          0         68   rt_memclr.o
        78          0          0          0          0         80   rt_memclr_w.o
         2          0          0          0          0          0   rtexit.o
        10          0          0          0          0          0   rtexit2.o
        74          0          0          0          0         80   sys_stackheap_outer.o
         2          0          0          0          0         68   use_no_semi.o
         2          0          0          0          0         68   use_no_semi_2.o
        98          4          0          0          0         92   d2f.o
       826         16          0          0          0        348   daddsub_clz.o
        16          4          0          0          0         68   dcheck1.o
       688        140          0          0          0        208   ddiv.o
       340         12          0          0          0        104   dmul.o
       156          4          0          0          0         92   dnaninf.o
        12          0          0          0          0         68   dretinf.o
       460         56          0          0          0        120   dsqrt_noumaal.o
        86          4          0          0          0         84   f2d.o
       430          8          0          0          0        168   faddsub_clz.o
        24          0          0          0          0         68   fcmpi.o
       388         76          0          0          0         96   fdiv.o
       104          4          0          0          0         84   feqf.o
        54          4          0          0          0         84   ffix.o
        62          4          0          0          0         84   ffixu.o
        86          0          0          0          0        136   fflt_clz.o
       104          4          0          0          0         84   fleqf.o
       258          4          0          0          0         84   fmul.o
       140          4          0          0          0         84   fnaninf.o
        10          0          0          0          0         68   fretinf.o
        98          0          0          0          0         68   frleqf.o
       100          0          0          0          0         68   retnan.o
        92          0          0          0          0         68   scalbn.o
        48          0          0          0          0         68   trapv.o
         0          0          0          0          0          0   usenofp.o
       624         52         80          0          0        168   asin.o
       544         70        152          0          0        124   atan.o
       384         38          0          0          0        144   atan2.o
        38          6          0          0          0        272   dunder.o
        40          0          0          0          0         68   fpclassify.o
       170          0          0          0          0         96   poly.o
         0          0          8          0          0          0   qnan.o
        76          0          0          0          0         84   sqrt.o

    ----------------------------------------------------------------------
      8178        564        262          0         96       5332   Library Totals
        26          0          5          0          0          0   (incl. Padding)

    ----------------------------------------------------------------------

      Code (inc. data)   RO Data    RW Data    ZI Data      Debug   Library Name

      1596         50         17          0         96       1880   c_w.l
      4680        348          0          0          0       2496   fz_ws.l
      1876        166        240          0          0        956   m_ws.l

    ----------------------------------------------------------------------
      8178        564        262          0         96       5332   Library Totals

    ----------------------------------------------------------------------

==============================================================================


      Code (inc. data)   RO Data    RW Data    ZI Data      Debug   

     27344       1866       5824        168       1648     357073   Grand Totals
     27344       1866       5824        168       1648     357073   ELF Image Totals
     27344       1866       5824        168          0          0   ROM Totals

==============================================================================

    Total RO  Size (Code + RO Data)                33168 (  32.39kB)
    Total RW  Size (RW Data + ZI Data)              1816 (   1.77kB)
    Total ROM Size (Code + RO Data + RW Data)      33336 (  32.55kB)

==============================================================================

